stm32f0xx_ll_rcc.h:823:22:LL_RCC_HSI48_Enable	8	static
stm32f0xx_ll_rcc.h:843:26:LL_RCC_HSI48_IsReady	8	static
stm32f0xx_ll_rcc.h:1100:22:LL_RCC_SetSysClkSource	16	static
stm32f0xx_ll_rcc.h:1116:26:LL_RCC_GetSysClkSource	8	static
stm32f0xx_ll_rcc.h:1136:22:LL_RCC_SetAHBPrescaler	16	static
stm32f0xx_ll_rcc.h:1152:22:LL_RCC_SetAPB1Prescaler	16	static
stm32f0xx_ll_rcc.h:1318:22:LL_RCC_SetUSBClockSource	16	static
stm32f0xx_ll_rcc.h:1507:22:LL_RCC_PLL_Enable	8	static
stm32f0xx_ll_rcc.h:1528:26:LL_RCC_PLL_IsReady	8	static
stm32f0xx_ll_rcc.h:1580:22:LL_RCC_PLL_ConfigDomain_SYS	24	static
stm32f0xx_ll_bus.h:227:22:LL_AHB1_GRP1_EnableClock	24	static
stm32f0xx_ll_system.h:1779:22:LL_FLASH_SetLatency	16	static
stm32f0xx_ll_system.h:1791:26:LL_FLASH_GetLatency	8	static
stm32f0xx_ll_gpio.h:868:22:LL_GPIO_ResetOutputPin	16	static
main.c:67:5:_write	24	static
main.c:83:5:main	8	static
main.c:154:6:SystemClock_Config	8	static
main.c:194:6:MX_CAN_Init	48	static
main.c:255:6:MX_GPIO_Init	32	static
main.c:326:6:CAN_Transmit	16	static
main.c:334:6:HAL_CAN_RxFifo0MsgPendingCallback	16	static
main.c:363:6:Error_Handler	8	static
