Archive member included to satisfy reference by file (symbol)

c:/st/stm32cubeide_1.4.0/stm32cubeide/plugins/com.st.stm32cube.ide.mcu.externaltools.gnu-tools-for-stm32.7-2018-q2-update.win32_1.4.0.202007081208/tools/bin/../lib/gcc/arm-none-eabi/7.3.1/../../../../arm-none-eabi/lib/thumb/v6-m\libc_nano.a(lib_a-errno.o)
                              Core/Src/syscalls.o (__errno)
c:/st/stm32cubeide_1.4.0/stm32cubeide/plugins/com.st.stm32cube.ide.mcu.externaltools.gnu-tools-for-stm32.7-2018-q2-update.win32_1.4.0.202007081208/tools/bin/../lib/gcc/arm-none-eabi/7.3.1/../../../../arm-none-eabi/lib/thumb/v6-m\libc_nano.a(lib_a-exit.o)
                              c:/st/stm32cubeide_1.4.0/stm32cubeide/plugins/com.st.stm32cube.ide.mcu.externaltools.gnu-tools-for-stm32.7-2018-q2-update.win32_1.4.0.202007081208/tools/bin/../lib/gcc/arm-none-eabi/7.3.1/../../../../arm-none-eabi/lib/thumb/v6-m/crt0.o (exit)
c:/st/stm32cubeide_1.4.0/stm32cubeide/plugins/com.st.stm32cube.ide.mcu.externaltools.gnu-tools-for-stm32.7-2018-q2-update.win32_1.4.0.202007081208/tools/bin/../lib/gcc/arm-none-eabi/7.3.1/../../../../arm-none-eabi/lib/thumb/v6-m\libc_nano.a(lib_a-impure.o)
                              c:/st/stm32cubeide_1.4.0/stm32cubeide/plugins/com.st.stm32cube.ide.mcu.externaltools.gnu-tools-for-stm32.7-2018-q2-update.win32_1.4.0.202007081208/tools/bin/../lib/gcc/arm-none-eabi/7.3.1/../../../../arm-none-eabi/lib/thumb/v6-m\libc_nano.a(lib_a-exit.o) (_global_impure_ptr)
c:/st/stm32cubeide_1.4.0/stm32cubeide/plugins/com.st.stm32cube.ide.mcu.externaltools.gnu-tools-for-stm32.7-2018-q2-update.win32_1.4.0.202007081208/tools/bin/../lib/gcc/arm-none-eabi/7.3.1/../../../../arm-none-eabi/lib/thumb/v6-m\libc_nano.a(lib_a-init.o)
                              c:/st/stm32cubeide_1.4.0/stm32cubeide/plugins/com.st.stm32cube.ide.mcu.externaltools.gnu-tools-for-stm32.7-2018-q2-update.win32_1.4.0.202007081208/tools/bin/../lib/gcc/arm-none-eabi/7.3.1/../../../../arm-none-eabi/lib/thumb/v6-m/crt0.o (__libc_init_array)
c:/st/stm32cubeide_1.4.0/stm32cubeide/plugins/com.st.stm32cube.ide.mcu.externaltools.gnu-tools-for-stm32.7-2018-q2-update.win32_1.4.0.202007081208/tools/bin/../lib/gcc/arm-none-eabi/7.3.1/../../../../arm-none-eabi/lib/thumb/v6-m\libc_nano.a(lib_a-memcpy-stub.o)
                              Drivers/STM32F0xx_HAL_Driver/Src/stm32f0xx_hal_rcc.o (memcpy)
c:/st/stm32cubeide_1.4.0/stm32cubeide/plugins/com.st.stm32cube.ide.mcu.externaltools.gnu-tools-for-stm32.7-2018-q2-update.win32_1.4.0.202007081208/tools/bin/../lib/gcc/arm-none-eabi/7.3.1/../../../../arm-none-eabi/lib/thumb/v6-m\libc_nano.a(lib_a-memset.o)
                              c:/st/stm32cubeide_1.4.0/stm32cubeide/plugins/com.st.stm32cube.ide.mcu.externaltools.gnu-tools-for-stm32.7-2018-q2-update.win32_1.4.0.202007081208/tools/bin/../lib/gcc/arm-none-eabi/7.3.1/../../../../arm-none-eabi/lib/thumb/v6-m/crt0.o (memset)
c:/st/stm32cubeide_1.4.0/stm32cubeide/plugins/com.st.stm32cube.ide.mcu.externaltools.gnu-tools-for-stm32.7-2018-q2-update.win32_1.4.0.202007081208/tools/bin/../lib/gcc/arm-none-eabi/7.3.1/thumb/v6-m\libgcc.a(_thumb1_case_uqi.o)
                              Drivers/STM32F0xx_HAL_Driver/Src/stm32f0xx_hal_dma.o (__gnu_thumb1_case_uqi)
c:/st/stm32cubeide_1.4.0/stm32cubeide/plugins/com.st.stm32cube.ide.mcu.externaltools.gnu-tools-for-stm32.7-2018-q2-update.win32_1.4.0.202007081208/tools/bin/../lib/gcc/arm-none-eabi/7.3.1/thumb/v6-m\libgcc.a(_thumb1_case_uhi.o)
                              Middlewares/ST/STM32_USB_Device_Library/Core/Src/usbd_ctlreq.o (__gnu_thumb1_case_uhi)
c:/st/stm32cubeide_1.4.0/stm32cubeide/plugins/com.st.stm32cube.ide.mcu.externaltools.gnu-tools-for-stm32.7-2018-q2-update.win32_1.4.0.202007081208/tools/bin/../lib/gcc/arm-none-eabi/7.3.1/thumb/v6-m\libgcc.a(_udivsi3.o)
                              Core/Src/system_stm32f0xx.o (__aeabi_uidiv)
c:/st/stm32cubeide_1.4.0/stm32cubeide/plugins/com.st.stm32cube.ide.mcu.externaltools.gnu-tools-for-stm32.7-2018-q2-update.win32_1.4.0.202007081208/tools/bin/../lib/gcc/arm-none-eabi/7.3.1/thumb/v6-m\libgcc.a(_divsi3.o)
                              Core/Src/system_stm32f0xx.o (__aeabi_idiv)
c:/st/stm32cubeide_1.4.0/stm32cubeide/plugins/com.st.stm32cube.ide.mcu.externaltools.gnu-tools-for-stm32.7-2018-q2-update.win32_1.4.0.202007081208/tools/bin/../lib/gcc/arm-none-eabi/7.3.1/thumb/v6-m\libgcc.a(_dvmd_tls.o)
                              c:/st/stm32cubeide_1.4.0/stm32cubeide/plugins/com.st.stm32cube.ide.mcu.externaltools.gnu-tools-for-stm32.7-2018-q2-update.win32_1.4.0.202007081208/tools/bin/../lib/gcc/arm-none-eabi/7.3.1/thumb/v6-m\libgcc.a(_udivsi3.o) (__aeabi_idiv0)
c:/st/stm32cubeide_1.4.0/stm32cubeide/plugins/com.st.stm32cube.ide.mcu.externaltools.gnu-tools-for-stm32.7-2018-q2-update.win32_1.4.0.202007081208/tools/bin/../lib/gcc/arm-none-eabi/7.3.1/thumb/v6-m\libgcc.a(_lshrdi3.o)
                              Drivers/STM32F0xx_HAL_Driver/Src/stm32f0xx_hal_flash.o (__aeabi_llsr)

Allocating common symbols
[...]
Memory Configuration

Name             Origin             Length             Attributes
RAM              0x0000000020000000 0x0000000000001800 xrw
FLASH            0x0000000008000000 0x0000000000008000 xr
*default*        0x0000000000000000 0xffffffffffffffff

Linker script and memory map

LOAD c:/st/stm32cubeide_1.4.0/stm32cubeide/plugins/com.st.stm32cube.ide.mcu.externaltools.gnu-tools-for-stm32.7-2018-q2-update.win32_1.4.0.202007081208/tools/bin/../lib/gcc/arm-none-eabi/7.3.1/thumb/v6-m/crti.o
LOAD c:/st/stm32cubeide_1.4.0/stm32cubeide/plugins/com.st.stm32cube.ide.mcu.externaltools.gnu-tools-for-stm32.7-2018-q2-update.win32_1.4.0.202007081208/tools/bin/../lib/gcc/arm-none-eabi/7.3.1/thumb/v6-m/crtbegin.o
LOAD c:/st/stm32cubeide_1.4.0/stm32cubeide/plugins/com.st.stm32cube.ide.mcu.externaltools.gnu-tools-for-stm32.7-2018-q2-update.win32_1.4.0.202007081208/tools/bin/../lib/gcc/arm-none-eabi/7.3.1/../../../../arm-none-eabi/lib/thumb/v6-m/crt0.o
LOAD Core/Src/main.o
LOAD Core/Src/stm32f0xx_hal_msp.o
LOAD Core/Src/stm32f0xx_it.o
LOAD Core/Src/syscalls.o
LOAD Core/Src/sysmem.o
LOAD Core/Src/system_stm32f0xx.o
LOAD Core/Startup/startup_stm32f042c6tx.o
LOAD Drivers/STM32F0xx_HAL_Driver/Src/stm32f0xx_hal.o
LOAD Drivers/STM32F0xx_HAL_Driver/Src/stm32f0xx_hal_can.o
LOAD Drivers/STM32F0xx_HAL_Driver/Src/stm32f0xx_hal_cortex.o
LOAD Drivers/STM32F0xx_HAL_Driver/Src/stm32f0xx_hal_dma.o
LOAD Drivers/STM32F0xx_HAL_Driver/Src/stm32f0xx_hal_exti.o
LOAD Drivers/STM32F0xx_HAL_Driver/Src/stm32f0xx_hal_flash.o
LOAD Drivers/STM32F0xx_HAL_Driver/Src/stm32f0xx_hal_flash_ex.o
LOAD Drivers/STM32F0xx_HAL_Driver/Src/stm32f0xx_hal_gpio.o
LOAD Drivers/STM32F0xx_HAL_Driver/Src/stm32f0xx_hal_i2c.o
LOAD Drivers/STM32F0xx_HAL_Driver/Src/stm32f0xx_hal_i2c_ex.o
LOAD Drivers/STM32F0xx_HAL_Driver/Src/stm32f0xx_hal_pcd.o
LOAD Drivers/STM32F0xx_HAL_Driver/Src/stm32f0xx_hal_pcd_ex.o
LOAD Drivers/STM32F0xx_HAL_Driver/Src/stm32f0xx_hal_pwr.o
LOAD Drivers/STM32F0xx_HAL_Driver/Src/stm32f0xx_hal_pwr_ex.o
LOAD Drivers/STM32F0xx_HAL_Driver/Src/stm32f0xx_hal_rcc.o
LOAD Drivers/STM32F0xx_HAL_Driver/Src/stm32f0xx_hal_rcc_ex.o
LOAD Drivers/STM32F0xx_HAL_Driver/Src/stm32f0xx_hal_tim.o
LOAD Drivers/STM32F0xx_HAL_Driver/Src/stm32f0xx_hal_tim_ex.o
LOAD Drivers/STM32F0xx_HAL_Driver/Src/stm32f0xx_ll_exti.o
LOAD Drivers/STM32F0xx_HAL_Driver/Src/stm32f0xx_ll_gpio.o
LOAD Drivers/STM32F0xx_HAL_Driver/Src/stm32f0xx_ll_rcc.o
LOAD Drivers/STM32F0xx_HAL_Driver/Src/stm32f0xx_ll_usb.o
LOAD Drivers/STM32F0xx_HAL_Driver/Src/stm32f0xx_ll_utils.o
LOAD Middlewares/ST/STM32_USB_Device_Library/Class/CDC/Src/usbd_cdc.o
LOAD Middlewares/ST/STM32_USB_Device_Library/Core/Src/usbd_core.o
LOAD Middlewares/ST/STM32_USB_Device_Library/Core/Src/usbd_ctlreq.o
LOAD Middlewares/ST/STM32_USB_Device_Library/Core/Src/usbd_ioreq.o
LOAD USB_DEVICE/App/usb_device.o
LOAD USB_DEVICE/App/usbd_cdc_if.o
LOAD USB_DEVICE/App/usbd_desc.o
LOAD USB_DEVICE/Target/usbd_conf.o
START GROUP
LOAD c:/st/stm32cubeide_1.4.0/stm32cubeide/plugins/com.st.stm32cube.ide.mcu.externaltools.gnu-tools-for-stm32.7-2018-q2-update.win32_1.4.0.202007081208/tools/bin/../lib/gcc/arm-none-eabi/7.3.1/../../../../arm-none-eabi/lib/thumb/v6-m\libc_nano.a
LOAD c:/st/stm32cubeide_1.4.0/stm32cubeide/plugins/com.st.stm32cube.ide.mcu.externaltools.gnu-tools-for-stm32.7-2018-q2-update.win32_1.4.0.202007081208/tools/bin/../lib/gcc/arm-none-eabi/7.3.1/../../../../arm-none-eabi/lib/thumb/v6-m\libm.a
END GROUP
START GROUP
LOAD c:/st/stm32cubeide_1.4.0/stm32cubeide/plugins/com.st.stm32cube.ide.mcu.externaltools.gnu-tools-for-stm32.7-2018-q2-update.win32_1.4.0.202007081208/tools/bin/../lib/gcc/arm-none-eabi/7.3.1/thumb/v6-m\libgcc.a
LOAD c:/st/stm32cubeide_1.4.0/stm32cubeide/plugins/com.st.stm32cube.ide.mcu.externaltools.gnu-tools-for-stm32.7-2018-q2-update.win32_1.4.0.202007081208/tools/bin/../lib/gcc/arm-none-eabi/7.3.1/../../../../arm-none-eabi/lib/thumb/v6-m\libc_nano.a
END GROUP
START GROUP
LOAD c:/st/stm32cubeide_1.4.0/stm32cubeide/plugins/com.st.stm32cube.ide.mcu.externaltools.gnu-tools-for-stm32.7-2018-q2-update.win32_1.4.0.202007081208/tools/bin/../lib/gcc/arm-none-eabi/7.3.1/thumb/v6-m\libgcc.a
LOAD c:/st/stm32cubeide_1.4.0/stm32cubeide/plugins/com.st.stm32cube.ide.mcu.externaltools.gnu-tools-for-stm32.7-2018-q2-update.win32_1.4.0.202007081208/tools/bin/../lib/gcc/arm-none-eabi/7.3.1/../../../../arm-none-eabi/lib/thumb/v6-m\libc_nano.a
LOAD c:/st/stm32cubeide_1.4.0/stm32cubeide/plugins/com.st.stm32cube.ide.mcu.externaltools.gnu-tools-for-stm32.7-2018-q2-update.win32_1.4.0.202007081208/tools/bin/../lib/gcc/arm-none-eabi/7.3.1/../../../../arm-none-eabi/lib/thumb/v6-m\libnosys.a
END GROUP
START GROUP
LOAD c:/st/stm32cubeide_1.4.0/stm32cubeide/plugins/com.st.stm32cube.ide.mcu.externaltools.gnu-tools-for-stm32.7-2018-q2-update.win32_1.4.0.202007081208/tools/bin/../lib/gcc/arm-none-eabi/7.3.1/thumb/v6-m\libgcc.a
LOAD c:/st/stm32cubeide_1.4.0/stm32cubeide/plugins/com.st.stm32cube.ide.mcu.externaltools.gnu-tools-for-stm32.7-2018-q2-update.win32_1.4.0.202007081208/tools/bin/../lib/gcc/arm-none-eabi/7.3.1/../../../../arm-none-eabi/lib/thumb/v6-m\libc_nano.a
LOAD c:/st/stm32cubeide_1.4.0/stm32cubeide/plugins/com.st.stm32cube.ide.mcu.externaltools.gnu-tools-for-stm32.7-2018-q2-update.win32_1.4.0.202007081208/tools/bin/../lib/gcc/arm-none-eabi/7.3.1/../../../../arm-none-eabi/lib/thumb/v6-m\libnosys.a
END GROUP
LOAD c:/st/stm32cubeide_1.4.0/stm32cubeide/plugins/com.st.stm32cube.ide.mcu.externaltools.gnu-tools-for-stm32.7-2018-q2-update.win32_1.4.0.202007081208/tools/bin/../lib/gcc/arm-none-eabi/7.3.1/thumb/v6-m/crtend.o
LOAD c:/st/stm32cubeide_1.4.0/stm32cubeide/plugins/com.st.stm32cube.ide.mcu.externaltools.gnu-tools-for-stm32.7-2018-q2-update.win32_1.4.0.202007081208/tools/bin/../lib/gcc/arm-none-eabi/7.3.1/thumb/v6-m/crtn.o
                0x0000000020001800                _estack = (ORIGIN (RAM) + LENGTH (RAM))
                0x0000000000000200                _Min_Heap_Size = 0x200
                0x0000000000000400                _Min_Stack_Size = 0x400

.isr_vector     0x0000000008000000       0xc0
                0x0000000008000000                . = ALIGN (0x4)
 *(.isr_vector)
 .isr_vector    0x0000000008000000       0xc0 Core/Startup/startup_stm32f042c6tx.o
                0x0000000008000000                g_pfnVectors
                0x00000000080000c0                . = ALIGN (0x4)

.text           0x00000000080000c0     0x2e84
                0x00000000080000c0                . = ALIGN (0x4)
 *(.text)
 .text          0x00000000080000c0       0x48 c:/st/stm32cubeide_1.4.0/stm32cubeide/plugins/com.st.stm32cube.ide.mcu.externaltools.gnu-tools-for-stm32.7-2018-q2-update.win32_1.4.0.202007081208/tools/bin/../lib/gcc/arm-none-eabi/7.3.1/thumb/v6-m/crtbegin.o
 .text          0x0000000008000108       0x14 c:/st/stm32cubeide_1.4.0/stm32cubeide/plugins/com.st.stm32cube.ide.mcu.externaltools.gnu-tools-for-stm32.7-2018-q2-update.win32_1.4.0.202007081208/tools/bin/../lib/gcc/arm-none-eabi/7.3.1/thumb/v6-m\libgcc.a(_thumb1_case_uqi.o)
                0x0000000008000108                __gnu_thumb1_case_uqi
 .text          0x000000000800011c       0x14 c:/st/stm32cubeide_1.4.0/stm32cubeide/plugins/com.st.stm32cube.ide.mcu.externaltools.gnu-tools-for-stm32.7-2018-q2-update.win32_1.4.0.202007081208/tools/bin/../lib/gcc/arm-none-eabi/7.3.1/thumb/v6-m\libgcc.a(_thumb1_case_uhi.o)
                0x000000000800011c                __gnu_thumb1_case_uhi
 .text          0x0000000008000130      0x114 c:/st/stm32cubeide_1.4.0/stm32cubeide/plugins/com.st.stm32cube.ide.mcu.externaltools.gnu-tools-for-stm32.7-2018-q2-update.win32_1.4.0.202007081208/tools/bin/../lib/gcc/arm-none-eabi/7.3.1/thumb/v6-m\libgcc.a(_udivsi3.o)
                0x0000000008000130                __aeabi_uidiv
                0x0000000008000130                __udivsi3
                0x000000000800023c                __aeabi_uidivmod
 .text          0x0000000008000244        0x4 c:/st/stm32cubeide_1.4.0/stm32cubeide/plugins/com.st.stm32cube.ide.mcu.externaltools.gnu-tools-for-stm32.7-2018-q2-update.win32_1.4.0.202007081208/tools/bin/../lib/gcc/arm-none-eabi/7.3.1/thumb/v6-m\libgcc.a(_dvmd_tls.o)
                0x0000000008000244                __aeabi_idiv0
                0x0000000008000244                __aeabi_ldiv0
 *(.text*)
 .text.SystemClock_Config
                0x0000000008000248       0xac Core/Src/main.o
                0x0000000008000248                SystemClock_Config
 .text.MX_CAN_Init
                0x00000000080002f4       0x70 Core/Src/main.o
                0x00000000080002f4                MX_CAN_Init
 .text.MX_GPIO_Init
                0x0000000008000364       0xcc Core/Src/main.o
                0x0000000008000364                MX_GPIO_Init
 .text.startup.main
                0x0000000008000430       0xe8 Core/Src/main.o
                0x0000000008000430                main
 .text.HAL_CAN_RxFifo0MsgPendingCallback
                0x0000000008000518       0x74 Core/Src/main.o
                0x0000000008000518                HAL_CAN_RxFifo0MsgPendingCallback
 .text.Error_Handler
                0x000000000800058c        0x2 Core/Src/main.o
                0x000000000800058c                Error_Handler
 *fill*         0x000000000800058e        0x2 
 .text.HAL_MspInit
                0x0000000008000590       0x30 Core/Src/stm32f0xx_hal_msp.o
                0x0000000008000590                HAL_MspInit
 .text.HAL_CAN_MspInit
                0x00000000080005c0       0x88 Core/Src/stm32f0xx_hal_msp.o
                0x00000000080005c0                HAL_CAN_MspInit
 .text.NMI_Handler
                0x0000000008000648        0x2 Core/Src/stm32f0xx_it.o
                0x0000000008000648                NMI_Handler
 .text.HardFault_Handler
                0x000000000800064a        0x2 Core/Src/stm32f0xx_it.o
                0x000000000800064a                HardFault_Handler
 .text.SVC_Handler
                0x000000000800064c        0x2 Core/Src/stm32f0xx_it.o
                0x000000000800064c                SVC_Handler
 .text.PendSV_Handler
                0x000000000800064e        0x2 Core/Src/stm32f0xx_it.o
                0x000000000800064e                PendSV_Handler
 .text.SysTick_Handler
                0x0000000008000650        0x8 Core/Src/stm32f0xx_it.o
                0x0000000008000650                SysTick_Handler
 .text.CEC_CAN_IRQHandler
                0x0000000008000658       0x10 Core/Src/stm32f0xx_it.o
                0x0000000008000658                CEC_CAN_IRQHandler
 .text.USB_IRQHandler
                0x0000000008000668       0x10 Core/Src/stm32f0xx_it.o
                0x0000000008000668                USB_IRQHandler
 .text.SystemInit
                0x0000000008000678        0x2 Core/Src/system_stm32f0xx.o
                0x0000000008000678                SystemInit
 *fill*         0x000000000800067a        0x2 
 .text.Reset_Handler
                0x000000000800067c       0x80 Core/Startup/startup_stm32f042c6tx.o
                0x000000000800067c                Reset_Handler
 .text.Default_Handler
                0x00000000080006fc        0x2 Core/Startup/startup_stm32f042c6tx.o
                0x00000000080006fc                TIM1_CC_IRQHandler
                0x00000000080006fc                TSC_IRQHandler
                0x00000000080006fc                I2C1_IRQHandler
                0x00000000080006fc                RCC_CRS_IRQHandler
                0x00000000080006fc                SPI1_IRQHandler
                0x00000000080006fc                EXTI2_3_IRQHandler
                0x00000000080006fc                ADC1_IRQHandler
                0x00000000080006fc                TIM17_IRQHandler
                0x00000000080006fc                RTC_IRQHandler
                0x00000000080006fc                PVD_VDDIO2_IRQHandler
                0x00000000080006fc                TIM16_IRQHandler
                0x00000000080006fc                TIM3_IRQHandler
                0x00000000080006fc                EXTI4_15_IRQHandler
                0x00000000080006fc                DMA1_Channel1_IRQHandler
                0x00000000080006fc                Default_Handler
                0x00000000080006fc                TIM14_IRQHandler
                0x00000000080006fc                DMA1_Channel4_5_IRQHandler
                0x00000000080006fc                EXTI0_1_IRQHandler
                0x00000000080006fc                SPI2_IRQHandler
                0x00000000080006fc                WWDG_IRQHandler
                0x00000000080006fc                TIM2_IRQHandler
                0x00000000080006fc                DMA1_Channel2_3_IRQHandler
                0x00000000080006fc                USART2_IRQHandler
                0x00000000080006fc                FLASH_IRQHandler
                0x00000000080006fc                USART1_IRQHandler
                0x00000000080006fc                TIM1_BRK_UP_TRG_COM_IRQHandler
 *fill*         0x00000000080006fe        0x2 
 .text.HAL_InitTick
                0x0000000008000700       0x48 Drivers/STM32F0xx_HAL_Driver/Src/stm32f0xx_hal.o
                0x0000000008000700                HAL_InitTick
 .text.HAL_Init
                0x0000000008000748       0x20 Drivers/STM32F0xx_HAL_Driver/Src/stm32f0xx_hal.o
                0x0000000008000748                HAL_Init
 .text.HAL_IncTick
                0x0000000008000768       0x18 Drivers/STM32F0xx_HAL_Driver/Src/stm32f0xx_hal.o
                0x0000000008000768                HAL_IncTick
 .text.HAL_GetTick
                0x0000000008000780        0xc Drivers/STM32F0xx_HAL_Driver/Src/stm32f0xx_hal.o
                0x0000000008000780                HAL_GetTick
 .text.HAL_Delay
                0x000000000800078c       0x24 Drivers/STM32F0xx_HAL_Driver/Src/stm32f0xx_hal.o
                0x000000000800078c                HAL_Delay
 .text.HAL_CAN_Init
                0x00000000080007b0      0x112 Drivers/STM32F0xx_HAL_Driver/Src/stm32f0xx_hal_can.o
                0x00000000080007b0                HAL_CAN_Init
 .text.HAL_CAN_ConfigFilter
                0x00000000080008c2       0xe8 Drivers/STM32F0xx_HAL_Driver/Src/stm32f0xx_hal_can.o
                0x00000000080008c2                HAL_CAN_ConfigFilter
 .text.HAL_CAN_Start
                0x00000000080009aa       0x54 Drivers/STM32F0xx_HAL_Driver/Src/stm32f0xx_hal_can.o
                0x00000000080009aa                HAL_CAN_Start
 .text.HAL_CAN_GetRxMessage
                0x00000000080009fe      0x106 Drivers/STM32F0xx_HAL_Driver/Src/stm32f0xx_hal_can.o
                0x00000000080009fe                HAL_CAN_GetRxMessage
 .text.HAL_CAN_ActivateNotification
                0x0000000008000b04       0x24 Drivers/STM32F0xx_HAL_Driver/Src/stm32f0xx_hal_can.o
                0x0000000008000b04                HAL_CAN_ActivateNotification
 .text.HAL_CAN_TxMailbox0CompleteCallback
                0x0000000008000b28        0x2 Drivers/STM32F0xx_HAL_Driver/Src/stm32f0xx_hal_can.o
                0x0000000008000b28                HAL_CAN_TxMailbox0CompleteCallback
 .text.HAL_CAN_TxMailbox1CompleteCallback
                0x0000000008000b2a        0x2 Drivers/STM32F0xx_HAL_Driver/Src/stm32f0xx_hal_can.o
                0x0000000008000b2a                HAL_CAN_TxMailbox1CompleteCallback
 .text.HAL_CAN_TxMailbox2CompleteCallback
                0x0000000008000b2c        0x2 Drivers/STM32F0xx_HAL_Driver/Src/stm32f0xx_hal_can.o
                0x0000000008000b2c                HAL_CAN_TxMailbox2CompleteCallback
 .text.HAL_CAN_TxMailbox0AbortCallback
                0x0000000008000b2e        0x2 Drivers/STM32F0xx_HAL_Driver/Src/stm32f0xx_hal_can.o
                0x0000000008000b2e                HAL_CAN_TxMailbox0AbortCallback
 .text.HAL_CAN_TxMailbox1AbortCallback
                0x0000000008000b30        0x2 Drivers/STM32F0xx_HAL_Driver/Src/stm32f0xx_hal_can.o
                0x0000000008000b30                HAL_CAN_TxMailbox1AbortCallback
 .text.HAL_CAN_TxMailbox2AbortCallback
                0x0000000008000b32        0x2 Drivers/STM32F0xx_HAL_Driver/Src/stm32f0xx_hal_can.o
                0x0000000008000b32                HAL_CAN_TxMailbox2AbortCallback
 .text.HAL_CAN_RxFifo0FullCallback
                0x0000000008000b34        0x2 Drivers/STM32F0xx_HAL_Driver/Src/stm32f0xx_hal_can.o
                0x0000000008000b34                HAL_CAN_RxFifo0FullCallback
 .text.HAL_CAN_RxFifo1MsgPendingCallback
                0x0000000008000b36        0x2 Drivers/STM32F0xx_HAL_Driver/Src/stm32f0xx_hal_can.o
                0x0000000008000b36                HAL_CAN_RxFifo1MsgPendingCallback
 .text.HAL_CAN_RxFifo1FullCallback
                0x0000000008000b38        0x2 Drivers/STM32F0xx_HAL_Driver/Src/stm32f0xx_hal_can.o
                0x0000000008000b38                HAL_CAN_RxFifo1FullCallback
 .text.HAL_CAN_SleepCallback
                0x0000000008000b3a        0x2 Drivers/STM32F0xx_HAL_Driver/Src/stm32f0xx_hal_can.o
                0x0000000008000b3a                HAL_CAN_SleepCallback
 .text.HAL_CAN_WakeUpFromRxMsgCallback
                0x0000000008000b3c        0x2 Drivers/STM32F0xx_HAL_Driver/Src/stm32f0xx_hal_can.o
                0x0000000008000b3c                HAL_CAN_WakeUpFromRxMsgCallback
 .text.HAL_CAN_ErrorCallback
                0x0000000008000b3e        0x2 Drivers/STM32F0xx_HAL_Driver/Src/stm32f0xx_hal_can.o
                0x0000000008000b3e                HAL_CAN_ErrorCallback
 .text.HAL_CAN_IRQHandler
                0x0000000008000b40      0x1f4 Drivers/STM32F0xx_HAL_Driver/Src/stm32f0xx_hal_can.o
                0x0000000008000b40                HAL_CAN_IRQHandler
 .text.HAL_NVIC_SetPriority
                0x0000000008000d34       0x54 Drivers/STM32F0xx_HAL_Driver/Src/stm32f0xx_hal_cortex.o
                0x0000000008000d34                HAL_NVIC_SetPriority
 .text.HAL_NVIC_EnableIRQ
                0x0000000008000d88       0x18 Drivers/STM32F0xx_HAL_Driver/Src/stm32f0xx_hal_cortex.o
                0x0000000008000d88                HAL_NVIC_EnableIRQ
 .text.HAL_SYSTICK_Config
                0x0000000008000da0       0x34 Drivers/STM32F0xx_HAL_Driver/Src/stm32f0xx_hal_cortex.o
                0x0000000008000da0                HAL_SYSTICK_Config
 .text.HAL_GPIO_Init
                0x0000000008000dd4      0x154 Drivers/STM32F0xx_HAL_Driver/Src/stm32f0xx_hal_gpio.o
                0x0000000008000dd4                HAL_GPIO_Init
 .text.HAL_GPIO_WritePin
                0x0000000008000f28        0xc Drivers/STM32F0xx_HAL_Driver/Src/stm32f0xx_hal_gpio.o
                0x0000000008000f28                HAL_GPIO_WritePin
 .text.HAL_I2CEx_EnableFastModePlus
                0x0000000008000f34       0x28 Drivers/STM32F0xx_HAL_Driver/Src/stm32f0xx_hal_i2c_ex.o
                0x0000000008000f34                HAL_I2CEx_EnableFastModePlus
 .text.HAL_PCD_Init
                0x0000000008000f5c       0xc4 Drivers/STM32F0xx_HAL_Driver/Src/stm32f0xx_hal_pcd.o
                0x0000000008000f5c                HAL_PCD_Init
 .text.HAL_PCD_Start
                0x0000000008001020       0x26 Drivers/STM32F0xx_HAL_Driver/Src/stm32f0xx_hal_pcd.o
                0x0000000008001020                HAL_PCD_Start
 .text.HAL_PCD_SetAddress
                0x0000000008001046       0x24 Drivers/STM32F0xx_HAL_Driver/Src/stm32f0xx_hal_pcd.o
                0x0000000008001046                HAL_PCD_SetAddress
 .text.HAL_PCD_EP_Open
                0x000000000800106a       0x60 Drivers/STM32F0xx_HAL_Driver/Src/stm32f0xx_hal_pcd.o
                0x000000000800106a                HAL_PCD_EP_Open
 .text.HAL_PCD_EP_Close
                0x00000000080010ca       0x48 Drivers/STM32F0xx_HAL_Driver/Src/stm32f0xx_hal_pcd.o
                0x00000000080010ca                HAL_PCD_EP_Close
 .text.HAL_PCD_EP_Receive
                0x0000000008001112       0x36 Drivers/STM32F0xx_HAL_Driver/Src/stm32f0xx_hal_pcd.o
                0x0000000008001112                HAL_PCD_EP_Receive
 .text.HAL_PCD_EP_GetRxCount
                0x0000000008001148        0xe Drivers/STM32F0xx_HAL_Driver/Src/stm32f0xx_hal_pcd.o
                0x0000000008001148                HAL_PCD_EP_GetRxCount
 .text.HAL_PCD_EP_Transmit
                0x0000000008001156       0x2e Drivers/STM32F0xx_HAL_Driver/Src/stm32f0xx_hal_pcd.o
                0x0000000008001156                HAL_PCD_EP_Transmit
 .text.HAL_PCD_IRQHandler
                0x0000000008001184      0x498 Drivers/STM32F0xx_HAL_Driver/Src/stm32f0xx_hal_pcd.o
                0x0000000008001184                HAL_PCD_IRQHandler
 .text.HAL_PCD_EP_SetStall
                0x000000000800161c       0x6a Drivers/STM32F0xx_HAL_Driver/Src/stm32f0xx_hal_pcd.o
                0x000000000800161c                HAL_PCD_EP_SetStall
 .text.HAL_PCD_EP_ClrStall
                0x0000000008001686       0x58 Drivers/STM32F0xx_HAL_Driver/Src/stm32f0xx_hal_pcd.o
                0x0000000008001686                HAL_PCD_EP_ClrStall
 .text.HAL_PCDEx_PMAConfig
                0x00000000080016de       0x32 Drivers/STM32F0xx_HAL_Driver/Src/stm32f0xx_hal_pcd_ex.o
                0x00000000080016de                HAL_PCDEx_PMAConfig
 .text.HAL_PCDEx_ActivateLPM
                0x0000000008001710       0x28 Drivers/STM32F0xx_HAL_Driver/Src/stm32f0xx_hal_pcd_ex.o
                0x0000000008001710                HAL_PCDEx_ActivateLPM
 .text.HAL_PCDEx_LPM_Callback
                0x0000000008001738        0x2 Drivers/STM32F0xx_HAL_Driver/Src/stm32f0xx_hal_pcd_ex.o
                0x0000000008001738                HAL_PCDEx_LPM_Callback
 .text.LL_GPIO_Init
                0x000000000800173a       0xb8 Drivers/STM32F0xx_HAL_Driver/Src/stm32f0xx_ll_gpio.o
                0x000000000800173a                LL_GPIO_Init
 *fill*         0x00000000080017f2        0x2 
 .text.USB_EnableGlobalInt
                0x00000000080017f4       0x14 Drivers/STM32F0xx_HAL_Driver/Src/stm32f0xx_ll_usb.o
                0x00000000080017f4                USB_EnableGlobalInt
 .text.USB_DisableGlobalInt
                0x0000000008001808       0x14 Drivers/STM32F0xx_HAL_Driver/Src/stm32f0xx_ll_usb.o
                0x0000000008001808                USB_DisableGlobalInt
 .text.USB_DevInit
                0x000000000800181c       0x2c Drivers/STM32F0xx_HAL_Driver/Src/stm32f0xx_ll_usb.o
                0x000000000800181c                USB_DevInit
 .text.USB_ActivateEndpoint
                0x0000000008001848      0x284 Drivers/STM32F0xx_HAL_Driver/Src/stm32f0xx_ll_usb.o
                0x0000000008001848                USB_ActivateEndpoint
 .text.USB_DeactivateEndpoint
                0x0000000008001acc      0x12c Drivers/STM32F0xx_HAL_Driver/Src/stm32f0xx_ll_usb.o
                0x0000000008001acc                USB_DeactivateEndpoint
 .text.USB_EPSetStall
                0x0000000008001bf8       0x3c Drivers/STM32F0xx_HAL_Driver/Src/stm32f0xx_ll_usb.o
                0x0000000008001bf8                USB_EPSetStall
 .text.USB_EPClearStall
                0x0000000008001c34       0x84 Drivers/STM32F0xx_HAL_Driver/Src/stm32f0xx_ll_usb.o
                0x0000000008001c34                USB_EPClearStall
 .text.USB_SetDevAddress
                0x0000000008001cb8        0xe Drivers/STM32F0xx_HAL_Driver/Src/stm32f0xx_ll_usb.o
                0x0000000008001cb8                USB_SetDevAddress
 .text.USB_DevConnect
                0x0000000008001cc6       0x10 Drivers/STM32F0xx_HAL_Driver/Src/stm32f0xx_ll_usb.o
                0x0000000008001cc6                USB_DevConnect
 .text.USB_ReadInterrupts
                0x0000000008001cd6        0x8 Drivers/STM32F0xx_HAL_Driver/Src/stm32f0xx_ll_usb.o
                0x0000000008001cd6                USB_ReadInterrupts
 .text.USB_EP0_OutStart
                0x0000000008001cde        0x4 Drivers/STM32F0xx_HAL_Driver/Src/stm32f0xx_ll_usb.o
                0x0000000008001cde                USB_EP0_OutStart
 .text.USB_WritePMA
                0x0000000008001ce2       0x28 Drivers/STM32F0xx_HAL_Driver/Src/stm32f0xx_ll_usb.o
                0x0000000008001ce2                USB_WritePMA
 *fill*         0x0000000008001d0a        0x2 
 .text.USB_EPStartXfer
                0x0000000008001d0c      0x1d0 Drivers/STM32F0xx_HAL_Driver/Src/stm32f0xx_ll_usb.o
                0x0000000008001d0c                USB_EPStartXfer
 .text.USB_ReadPMA
                0x0000000008001edc       0x38 Drivers/STM32F0xx_HAL_Driver/Src/stm32f0xx_ll_usb.o
                0x0000000008001edc                USB_ReadPMA
 .text.LL_SetSystemCoreClock
                0x0000000008001f14        0xc Drivers/STM32F0xx_HAL_Driver/Src/stm32f0xx_ll_utils.o
                0x0000000008001f14                LL_SetSystemCoreClock
 .text.USBD_CDC_EP0_RxReady
                0x0000000008001f20       0x34 Middlewares/ST/STM32_USB_Device_Library/Class/CDC/Src/usbd_cdc.o
 .text.USBD_CDC_GetFSCfgDesc
                0x0000000008001f54        0xc Middlewares/ST/STM32_USB_Device_Library/Class/CDC/Src/usbd_cdc.o
 .text.USBD_CDC_GetHSCfgDesc
                0x0000000008001f60        0xc Middlewares/ST/STM32_USB_Device_Library/Class/CDC/Src/usbd_cdc.o
 .text.USBD_CDC_GetOtherSpeedCfgDesc
                0x0000000008001f6c        0xc Middlewares/ST/STM32_USB_Device_Library/Class/CDC/Src/usbd_cdc.o
 .text.USBD_CDC_GetDeviceQualifierDescriptor
                0x0000000008001f78        0xc Middlewares/ST/STM32_USB_Device_Library/Class/CDC/Src/usbd_cdc.o
                0x0000000008001f78                USBD_CDC_GetDeviceQualifierDescriptor
 .text.USBD_CDC_DataOut
                0x0000000008001f84       0x34 Middlewares/ST/STM32_USB_Device_Library/Class/CDC/Src/usbd_cdc.o
 .text.USBD_CDC_DataIn
                0x0000000008001fb8       0x52 Middlewares/ST/STM32_USB_Device_Library/Class/CDC/Src/usbd_cdc.o
 *fill*         0x000000000800200a        0x2 
 .text.USBD_CDC_Setup
                0x000000000800200c       0xbc Middlewares/ST/STM32_USB_Device_Library/Class/CDC/Src/usbd_cdc.o
 .text.USBD_CDC_DeInit
                0x00000000080020c8       0x46 Middlewares/ST/STM32_USB_Device_Library/Class/CDC/Src/usbd_cdc.o
 .text.USBD_CDC_Init
                0x000000000800210e       0xb4 Middlewares/ST/STM32_USB_Device_Library/Class/CDC/Src/usbd_cdc.o
 .text.USBD_CDC_RegisterInterface
                0x00000000080021c2       0x12 Middlewares/ST/STM32_USB_Device_Library/Class/CDC/Src/usbd_cdc.o
                0x00000000080021c2                USBD_CDC_RegisterInterface
 .text.USBD_CDC_SetTxBuffer
                0x00000000080021d4       0x16 Middlewares/ST/STM32_USB_Device_Library/Class/CDC/Src/usbd_cdc.o
                0x00000000080021d4                USBD_CDC_SetTxBuffer
 .text.USBD_CDC_SetRxBuffer
                0x00000000080021ea        0xe Middlewares/ST/STM32_USB_Device_Library/Class/CDC/Src/usbd_cdc.o
                0x00000000080021ea                USBD_CDC_SetRxBuffer
 .text.USBD_CDC_TransmitPacket
                0x00000000080021f8       0x38 Middlewares/ST/STM32_USB_Device_Library/Class/CDC/Src/usbd_cdc.o
                0x00000000080021f8                USBD_CDC_TransmitPacket
 .text.USBD_CDC_ReceivePacket
                0x0000000008002230       0x30 Middlewares/ST/STM32_USB_Device_Library/Class/CDC/Src/usbd_cdc.o
                0x0000000008002230                USBD_CDC_ReceivePacket
 .text.USBD_Init
                0x0000000008002260       0x34 Middlewares/ST/STM32_USB_Device_Library/Core/Src/usbd_core.o
                0x0000000008002260                USBD_Init
 .text.USBD_RegisterClass
                0x0000000008002294       0x12 Middlewares/ST/STM32_USB_Device_Library/Core/Src/usbd_core.o
                0x0000000008002294                USBD_RegisterClass
 .text.USBD_Start
                0x00000000080022a6        0xa Middlewares/ST/STM32_USB_Device_Library/Core/Src/usbd_core.o
                0x00000000080022a6                USBD_Start
 .text.USBD_SetClassConfig
                0x00000000080022b0       0x1a Middlewares/ST/STM32_USB_Device_Library/Core/Src/usbd_core.o
                0x00000000080022b0                USBD_SetClassConfig
 .text.USBD_ClrClassConfig
                0x00000000080022ca       0x10 Middlewares/ST/STM32_USB_Device_Library/Core/Src/usbd_core.o
                0x00000000080022ca                USBD_ClrClassConfig
 *fill*         0x00000000080022da        0x2 
 .text.USBD_LL_SetupStage
                0x00000000080022dc       0x64 Middlewares/ST/STM32_USB_Device_Library/Core/Src/usbd_core.o
                0x00000000080022dc                USBD_LL_SetupStage
 .text.USBD_LL_DataOutStage
                0x0000000008002340       0x88 Middlewares/ST/STM32_USB_Device_Library/Core/Src/usbd_core.o
                0x0000000008002340                USBD_LL_DataOutStage
 .text.USBD_LL_DataInStage
                0x00000000080023c8       0xc6 Middlewares/ST/STM32_USB_Device_Library/Core/Src/usbd_core.o
                0x00000000080023c8                USBD_LL_DataInStage
 .text.USBD_LL_Reset
                0x000000000800248e       0x54 Middlewares/ST/STM32_USB_Device_Library/Core/Src/usbd_core.o
                0x000000000800248e                USBD_LL_Reset
 .text.USBD_LL_SetSpeed
                0x00000000080024e2        0x6 Middlewares/ST/STM32_USB_Device_Library/Core/Src/usbd_core.o
                0x00000000080024e2                USBD_LL_SetSpeed
 .text.USBD_LL_Suspend
                0x00000000080024e8       0x18 Middlewares/ST/STM32_USB_Device_Library/Core/Src/usbd_core.o
                0x00000000080024e8                USBD_LL_Suspend
 .text.USBD_LL_Resume
                0x0000000008002500       0x18 Middlewares/ST/STM32_USB_Device_Library/Core/Src/usbd_core.o
                0x0000000008002500                USBD_LL_Resume
 .text.USBD_LL_SOF
                0x0000000008002518       0x1e Middlewares/ST/STM32_USB_Device_Library/Core/Src/usbd_core.o
                0x0000000008002518                USBD_LL_SOF
 .text.USBD_CtlError.constprop.1
                0x0000000008002536       0x14 Middlewares/ST/STM32_USB_Device_Library/Core/Src/usbd_ctlreq.o
 *fill*         0x000000000800254a        0x2 
 .text.USBD_StdDevReq
                0x000000000800254c      0x25c Middlewares/ST/STM32_USB_Device_Library/Core/Src/usbd_ctlreq.o
                0x000000000800254c                USBD_StdDevReq
 .text.USBD_StdItfReq
                0x00000000080027a8       0x54 Middlewares/ST/STM32_USB_Device_Library/Core/Src/usbd_ctlreq.o
                0x00000000080027a8                USBD_StdItfReq
 .text.USBD_StdEPReq
                0x00000000080027fc      0x126 Middlewares/ST/STM32_USB_Device_Library/Core/Src/usbd_ctlreq.o
                0x00000000080027fc                USBD_StdEPReq
 .text.USBD_ParseSetupRequest
                0x0000000008002922       0x28 Middlewares/ST/STM32_USB_Device_Library/Core/Src/usbd_ctlreq.o
                0x0000000008002922                USBD_ParseSetupRequest
 .text.USBD_CtlError
                0x000000000800294a       0x14 Middlewares/ST/STM32_USB_Device_Library/Core/Src/usbd_ctlreq.o
                0x000000000800294a                USBD_CtlError
 .text.USBD_GetString
                0x000000000800295e       0x3a Middlewares/ST/STM32_USB_Device_Library/Core/Src/usbd_ctlreq.o
                0x000000000800295e                USBD_GetString
 .text.USBD_CtlSendData
                0x0000000008002998       0x1c Middlewares/ST/STM32_USB_Device_Library/Core/Src/usbd_ioreq.o
                0x0000000008002998                USBD_CtlSendData
 .text.USBD_CtlContinueSendData
                0x00000000080029b4       0x10 Middlewares/ST/STM32_USB_Device_Library/Core/Src/usbd_ioreq.o
                0x00000000080029b4                USBD_CtlContinueSendData
 .text.USBD_CtlPrepareRx
                0x00000000080029c4       0x20 Middlewares/ST/STM32_USB_Device_Library/Core/Src/usbd_ioreq.o
                0x00000000080029c4                USBD_CtlPrepareRx
 .text.USBD_CtlContinueRx
                0x00000000080029e4       0x10 Middlewares/ST/STM32_USB_Device_Library/Core/Src/usbd_ioreq.o
                0x00000000080029e4                USBD_CtlContinueRx
 .text.USBD_CtlSendStatus
                0x00000000080029f4       0x18 Middlewares/ST/STM32_USB_Device_Library/Core/Src/usbd_ioreq.o
                0x00000000080029f4                USBD_CtlSendStatus
 .text.USBD_CtlReceiveStatus
                0x0000000008002a0c       0x18 Middlewares/ST/STM32_USB_Device_Library/Core/Src/usbd_ioreq.o
                0x0000000008002a0c                USBD_CtlReceiveStatus
 .text.MX_USB_DEVICE_Init
                0x0000000008002a24       0x58 USB_DEVICE/App/usb_device.o
                0x0000000008002a24                MX_USB_DEVICE_Init
 .text.CDC_DeInit_FS
                0x0000000008002a7c        0x4 USB_DEVICE/App/usbd_cdc_if.o
 .text.CDC_Control_FS
                0x0000000008002a80        0x4 USB_DEVICE/App/usbd_cdc_if.o
 .text.CDC_Init_FS
                0x0000000008002a84       0x28 USB_DEVICE/App/usbd_cdc_if.o
 .text.CDC_Transmit_FS
                0x0000000008002aac       0x2c USB_DEVICE/App/usbd_cdc_if.o
                0x0000000008002aac                CDC_Transmit_FS
 .text.CDC_Receive_FS
                0x0000000008002ad8       0x50 USB_DEVICE/App/usbd_cdc_if.o
 .text.USBD_FS_DeviceDescriptor
                0x0000000008002b28        0xc USB_DEVICE/App/usbd_desc.o
                0x0000000008002b28                USBD_FS_DeviceDescriptor
 .text.USBD_FS_LangIDStrDescriptor
                0x0000000008002b34        0xc USB_DEVICE/App/usbd_desc.o
                0x0000000008002b34                USBD_FS_LangIDStrDescriptor
 .text.IntToUnicode
                0x0000000008002b40       0x2a USB_DEVICE/App/usbd_desc.o
 *fill*         0x0000000008002b6a        0x2 
 .text.USBD_FS_SerialStrDescriptor
                0x0000000008002b6c       0x44 USB_DEVICE/App/usbd_desc.o
                0x0000000008002b6c                USBD_FS_SerialStrDescriptor
 .text.USBD_FS_ManufacturerStrDescriptor
                0x0000000008002bb0       0x1c USB_DEVICE/App/usbd_desc.o
                0x0000000008002bb0                USBD_FS_ManufacturerStrDescriptor
 .text.USBD_FS_ProductStrDescriptor
                0x0000000008002bcc       0x1c USB_DEVICE/App/usbd_desc.o
                0x0000000008002bcc                USBD_FS_ProductStrDescriptor
 .text.USBD_FS_ConfigStrDescriptor
                0x0000000008002be8       0x1c USB_DEVICE/App/usbd_desc.o
                0x0000000008002be8                USBD_FS_ConfigStrDescriptor
 .text.USBD_FS_InterfaceStrDescriptor
                0x0000000008002c04       0x1c USB_DEVICE/App/usbd_desc.o
                0x0000000008002c04                USBD_FS_InterfaceStrDescriptor
 .text.HAL_PCD_MspInit
                0x0000000008002c20       0x38 USB_DEVICE/Target/usbd_conf.o
                0x0000000008002c20                HAL_PCD_MspInit
 .text.HAL_PCD_SetupStageCallback
                0x0000000008002c58       0x12 USB_DEVICE/Target/usbd_conf.o
                0x0000000008002c58                HAL_PCD_SetupStageCallback
 .text.HAL_PCD_DataOutStageCallback
                0x0000000008002c6a       0x16 USB_DEVICE/Target/usbd_conf.o
                0x0000000008002c6a                HAL_PCD_DataOutStageCallback
 .text.HAL_PCD_DataInStageCallback
                0x0000000008002c80       0x14 USB_DEVICE/Target/usbd_conf.o
                0x0000000008002c80                HAL_PCD_DataInStageCallback
 .text.HAL_PCD_SOFCallback
                0x0000000008002c94        0xe USB_DEVICE/Target/usbd_conf.o
                0x0000000008002c94                HAL_PCD_SOFCallback
 .text.HAL_PCD_ResetCallback
                0x0000000008002ca2       0x22 USB_DEVICE/Target/usbd_conf.o
                0x0000000008002ca2                HAL_PCD_ResetCallback
 .text.HAL_PCD_SuspendCallback
                0x0000000008002cc4       0x24 USB_DEVICE/Target/usbd_conf.o
                0x0000000008002cc4                HAL_PCD_SuspendCallback
 .text.HAL_PCD_ResumeCallback
                0x0000000008002ce8       0x28 USB_DEVICE/Target/usbd_conf.o
                0x0000000008002ce8                HAL_PCD_ResumeCallback
 .text.USBD_LL_Init
                0x0000000008002d10       0x80 USB_DEVICE/Target/usbd_conf.o
                0x0000000008002d10                USBD_LL_Init
 .text.USBD_LL_Start
                0x0000000008002d90       0x20 USB_DEVICE/Target/usbd_conf.o
                0x0000000008002d90                USBD_LL_Start
 .text.USBD_LL_OpenEP
                0x0000000008002db0       0x24 USB_DEVICE/Target/usbd_conf.o
                0x0000000008002db0                USBD_LL_OpenEP
 .text.USBD_LL_CloseEP
                0x0000000008002dd4       0x20 USB_DEVICE/Target/usbd_conf.o
                0x0000000008002dd4                USBD_LL_CloseEP
 .text.USBD_LL_StallEP
                0x0000000008002df4       0x20 USB_DEVICE/Target/usbd_conf.o
                0x0000000008002df4                USBD_LL_StallEP
 .text.USBD_LL_ClearStallEP
                0x0000000008002e14       0x20 USB_DEVICE/Target/usbd_conf.o
                0x0000000008002e14                USBD_LL_ClearStallEP
 .text.USBD_LL_IsStallEP
                0x0000000008002e34       0x24 USB_DEVICE/Target/usbd_conf.o
                0x0000000008002e34                USBD_LL_IsStallEP
 .text.USBD_LL_SetUSBAddress
                0x0000000008002e58       0x20 USB_DEVICE/Target/usbd_conf.o
                0x0000000008002e58                USBD_LL_SetUSBAddress
 .text.USBD_LL_Transmit
                0x0000000008002e78       0x20 USB_DEVICE/Target/usbd_conf.o
                0x0000000008002e78                USBD_LL_Transmit
 .text.USBD_LL_PrepareReceive
                0x0000000008002e98       0x20 USB_DEVICE/Target/usbd_conf.o
                0x0000000008002e98                USBD_LL_PrepareReceive
 .text.USBD_LL_GetRxDataSize
                0x0000000008002eb8        0xe USB_DEVICE/Target/usbd_conf.o
                0x0000000008002eb8                USBD_LL_GetRxDataSize
 *fill*         0x0000000008002ec6        0x2 
 .text.USBD_static_malloc
                0x0000000008002ec8        0x8 USB_DEVICE/Target/usbd_conf.o
                0x0000000008002ec8                USBD_static_malloc
 .text.USBD_static_free
                0x0000000008002ed0        0x2 USB_DEVICE/Target/usbd_conf.o
                0x0000000008002ed0                USBD_static_free
 *fill*         0x0000000008002ed2        0x2 
 .text.__libc_init_array
                0x0000000008002ed4       0x48 c:/st/stm32cubeide_1.4.0/stm32cubeide/plugins/com.st.stm32cube.ide.mcu.externaltools.gnu-tools-for-stm32.7-2018-q2-update.win32_1.4.0.202007081208/tools/bin/../lib/gcc/arm-none-eabi/7.3.1/../../../../arm-none-eabi/lib/thumb/v6-m\libc_nano.a(lib_a-init.o)
                0x0000000008002ed4                __libc_init_array
 .text.memset   0x0000000008002f1c       0x10 c:/st/stm32cubeide_1.4.0/stm32cubeide/plugins/com.st.stm32cube.ide.mcu.externaltools.gnu-tools-for-stm32.7-2018-q2-update.win32_1.4.0.202007081208/tools/bin/../lib/gcc/arm-none-eabi/7.3.1/../../../../arm-none-eabi/lib/thumb/v6-m\libc_nano.a(lib_a-memset.o)
                0x0000000008002f1c                memset
 *(.glue_7)
 .glue_7        0x0000000008002f2c        0x0 linker stubs
 *(.glue_7t)
 .glue_7t       0x0000000008002f2c        0x0 linker stubs
 *(.eh_frame)
 .eh_frame      0x0000000008002f2c        0x0 c:/st/stm32cubeide_1.4.0/stm32cubeide/plugins/com.st.stm32cube.ide.mcu.externaltools.gnu-tools-for-stm32.7-2018-q2-update.win32_1.4.0.202007081208/tools/bin/../lib/gcc/arm-none-eabi/7.3.1/thumb/v6-m/crtbegin.o
 *(.init)
 .init          0x0000000008002f2c        0x4 c:/st/stm32cubeide_1.4.0/stm32cubeide/plugins/com.st.stm32cube.ide.mcu.externaltools.gnu-tools-for-stm32.7-2018-q2-update.win32_1.4.0.202007081208/tools/bin/../lib/gcc/arm-none-eabi/7.3.1/thumb/v6-m/crti.o
                0x0000000008002f2c                _init
 .init          0x0000000008002f30        0x8 c:/st/stm32cubeide_1.4.0/stm32cubeide/plugins/com.st.stm32cube.ide.mcu.externaltools.gnu-tools-for-stm32.7-2018-q2-update.win32_1.4.0.202007081208/tools/bin/../lib/gcc/arm-none-eabi/7.3.1/thumb/v6-m/crtn.o
 *(.fini)
 .fini          0x0000000008002f38        0x4 c:/st/stm32cubeide_1.4.0/stm32cubeide/plugins/com.st.stm32cube.ide.mcu.externaltools.gnu-tools-for-stm32.7-2018-q2-update.win32_1.4.0.202007081208/tools/bin/../lib/gcc/arm-none-eabi/7.3.1/thumb/v6-m/crti.o
                0x0000000008002f38                _fini
 .fini          0x0000000008002f3c        0x8 c:/st/stm32cubeide_1.4.0/stm32cubeide/plugins/com.st.stm32cube.ide.mcu.externaltools.gnu-tools-for-stm32.7-2018-q2-update.win32_1.4.0.202007081208/tools/bin/../lib/gcc/arm-none-eabi/7.3.1/thumb/v6-m/crtn.o
                0x0000000008002f44                . = ALIGN (0x4)
                0x0000000008002f44                _etext = .

.vfp11_veneer   0x0000000008002f44        0x0
 .vfp11_veneer  0x0000000008002f44        0x0 linker stubs

.v4_bx          0x0000000008002f44        0x0
 .v4_bx         0x0000000008002f44        0x0 linker stubs

.iplt           0x0000000008002f44        0x0
 .iplt          0x0000000008002f44        0x0 c:/st/stm32cubeide_1.4.0/stm32cubeide/plugins/com.st.stm32cube.ide.mcu.externaltools.gnu-tools-for-stm32.7-2018-q2-update.win32_1.4.0.202007081208/tools/bin/../lib/gcc/arm-none-eabi/7.3.1/thumb/v6-m/crtbegin.o

.rodata         0x0000000008002f44       0x60
                0x0000000008002f44                . = ALIGN (0x4)
 *(.rodata)
 *(.rodata*)
 .rodata.HAL_CAN_RxFifo0MsgPendingCallback.str1.1
                0x0000000008002f44       0x22 Core/Src/main.o
 .rodata.CDC_Receive_FS.str1.1
                0x0000000008002f66       0x22 USB_DEVICE/App/usbd_cdc_if.o
 .rodata.USBD_FS_ConfigStrDescriptor.str1.1
                0x0000000008002f66        0xb USB_DEVICE/App/usbd_desc.o
 .rodata.USBD_FS_InterfaceStrDescriptor.str1.1
                0x0000000008002f71        0xe USB_DEVICE/App/usbd_desc.o
 .rodata.USBD_FS_ManufacturerStrDescriptor.str1.1
                0x0000000008002f7f        0xa USB_DEVICE/App/usbd_desc.o
 .rodata.USBD_FS_ProductStrDescriptor.str1.1
                0x0000000008002f89       0x15 USB_DEVICE/App/usbd_desc.o
 .rodata.CSWTCH.3
                0x0000000008002f9e        0x4 USB_DEVICE/Target/usbd_conf.o
                0x0000000008002fa4                . = ALIGN (0x4)
 *fill*         0x0000000008002fa2        0x2 

.rel.dyn        0x0000000008002fa4        0x0
 .rel.iplt      0x0000000008002fa4        0x0 c:/st/stm32cubeide_1.4.0/stm32cubeide/plugins/com.st.stm32cube.ide.mcu.externaltools.gnu-tools-for-stm32.7-2018-q2-update.win32_1.4.0.202007081208/tools/bin/../lib/gcc/arm-none-eabi/7.3.1/thumb/v6-m/crtbegin.o

.ARM.extab      0x0000000008002fa4        0x0
                0x0000000008002fa4                . = ALIGN (0x4)
 *(.ARM.extab* .gnu.linkonce.armextab.*)
                0x0000000008002fa4                . = ALIGN (0x4)

.ARM            0x0000000008002fa4        0x0
                0x0000000008002fa4                . = ALIGN (0x4)
                0x0000000008002fa4                __exidx_start = .
 *(.ARM.exidx*)
                0x0000000008002fa4                __exidx_end = .
                0x0000000008002fa4                . = ALIGN (0x4)

.preinit_array  0x0000000008002fa4        0x0
                0x0000000008002fa4                . = ALIGN (0x4)
                0x0000000008002fa4                PROVIDE (__preinit_array_start = .)
 *(.preinit_array*)
                0x0000000008002fa4                PROVIDE (__preinit_array_end = .)
                0x0000000008002fa4                . = ALIGN (0x4)

.init_array     0x0000000008002fa4        0x4
                0x0000000008002fa4                . = ALIGN (0x4)
                0x0000000008002fa4                PROVIDE (__init_array_start = .)
 *(SORT_BY_NAME(.init_array.*))
 *(.init_array*)
 .init_array    0x0000000008002fa4        0x4 c:/st/stm32cubeide_1.4.0/stm32cubeide/plugins/com.st.stm32cube.ide.mcu.externaltools.gnu-tools-for-stm32.7-2018-q2-update.win32_1.4.0.202007081208/tools/bin/../lib/gcc/arm-none-eabi/7.3.1/thumb/v6-m/crtbegin.o
                0x0000000008002fa8                PROVIDE (__init_array_end = .)
                0x0000000008002fa8                . = ALIGN (0x4)

.fini_array     0x0000000008002fa8        0x4
                0x0000000008002fa8                . = ALIGN (0x4)
                [!provide]                        PROVIDE (__fini_array_start = .)
 *(SORT_BY_NAME(.fini_array.*))
 *(.fini_array*)
 .fini_array    0x0000000008002fa8        0x4 c:/st/stm32cubeide_1.4.0/stm32cubeide/plugins/com.st.stm32cube.ide.mcu.externaltools.gnu-tools-for-stm32.7-2018-q2-update.win32_1.4.0.202007081208/tools/bin/../lib/gcc/arm-none-eabi/7.3.1/thumb/v6-m/crtbegin.o
                [!provide]                        PROVIDE (__fini_array_end = .)
                0x0000000008002fac                . = ALIGN (0x4)
                0x0000000008002fac                _sidata = LOADADDR (.data)

.data           0x0000000020000000      0x17c load address 0x0000000008002fac
                0x0000000020000000                . = ALIGN (0x4)
                0x0000000020000000                _sdata = .
 *(.data)
 *(.data*)
 .data.SystemCoreClock
                0x0000000020000000        0x4 Core/Src/system_stm32f0xx.o
                0x0000000020000000                SystemCoreClock
 .data.uwTickFreq
                0x0000000020000004        0x1 Drivers/STM32F0xx_HAL_Driver/Src/stm32f0xx_hal.o
                0x0000000020000004                uwTickFreq
 *fill*         0x0000000020000005        0x3 
 .data.uwTickPrio
                0x0000000020000008        0x4 Drivers/STM32F0xx_HAL_Driver/Src/stm32f0xx_hal.o
                0x0000000020000008                uwTickPrio
 .data.USBD_CDC
                0x000000002000000c       0x38 Middlewares/ST/STM32_USB_Device_Library/Class/CDC/Src/usbd_cdc.o
                0x000000002000000c                USBD_CDC
 .data.USBD_CDC_CfgFSDesc
                0x0000000020000044       0x43 Middlewares/ST/STM32_USB_Device_Library/Class/CDC/Src/usbd_cdc.o
                0x0000000020000044                USBD_CDC_CfgFSDesc
 *fill*         0x0000000020000087        0x1 
 .data.USBD_CDC_CfgHSDesc
                0x0000000020000088       0x43 Middlewares/ST/STM32_USB_Device_Library/Class/CDC/Src/usbd_cdc.o
                0x0000000020000088                USBD_CDC_CfgHSDesc
 *fill*         0x00000000200000cb        0x1 
 .data.USBD_CDC_DeviceQualifierDesc
                0x00000000200000cc        0xa Middlewares/ST/STM32_USB_Device_Library/Class/CDC/Src/usbd_cdc.o
 *fill*         0x00000000200000d6        0x2 
 .data.USBD_CDC_OtherSpeedCfgDesc
                0x00000000200000d8       0x43 Middlewares/ST/STM32_USB_Device_Library/Class/CDC/Src/usbd_cdc.o
                0x00000000200000d8                USBD_CDC_OtherSpeedCfgDesc
 *fill*         0x000000002000011b        0x1 
 .data.USBD_Interface_fops_FS
                0x000000002000011c       0x10 USB_DEVICE/App/usbd_cdc_if.o
                0x000000002000011c                USBD_Interface_fops_FS
 .data.FS_Desc  0x000000002000012c       0x1c USB_DEVICE/App/usbd_desc.o
                0x000000002000012c                FS_Desc
 .data.USBD_FS_DeviceDesc
                0x0000000020000148       0x12 USB_DEVICE/App/usbd_desc.o
                0x0000000020000148                USBD_FS_DeviceDesc
 *fill*         0x000000002000015a        0x2 
 .data.USBD_LangIDDesc
                0x000000002000015c        0x4 USB_DEVICE/App/usbd_desc.o
                0x000000002000015c                USBD_LangIDDesc
 .data.USBD_StringSerial
                0x0000000020000160       0x1a USB_DEVICE/App/usbd_desc.o
                0x0000000020000160                USBD_StringSerial
                0x000000002000017c                . = ALIGN (0x4)
 *fill*         0x000000002000017a        0x2 
                0x000000002000017c                _edata = .

.igot.plt       0x000000002000017c        0x0 load address 0x0000000008003128
 .igot.plt      0x000000002000017c        0x0 c:/st/stm32cubeide_1.4.0/stm32cubeide/plugins/com.st.stm32cube.ide.mcu.externaltools.gnu-tools-for-stm32.7-2018-q2-update.win32_1.4.0.202007081208/tools/bin/../lib/gcc/arm-none-eabi/7.3.1/thumb/v6-m/crtbegin.o
                0x000000002000017c                . = ALIGN (0x4)

.bss            0x000000002000017c      0x95c load address 0x0000000008003128
                0x000000002000017c                _sbss = .
                0x000000002000017c                __bss_start__ = _sbss
 *(.bss)
 .bss           0x000000002000017c       0x1c c:/st/stm32cubeide_1.4.0/stm32cubeide/plugins/com.st.stm32cube.ide.mcu.externaltools.gnu-tools-for-stm32.7-2018-q2-update.win32_1.4.0.202007081208/tools/bin/../lib/gcc/arm-none-eabi/7.3.1/thumb/v6-m/crtbegin.o
 *(.bss*)
 .bss.cfgidx.9190
                0x0000000020000198        0x1 Middlewares/ST/STM32_USB_Device_Library/Core/Src/usbd_ctlreq.o
 .bss.xFlag     0x0000000020000199        0x1 USB_DEVICE/App/usbd_cdc_if.o
                0x0000000020000199                xFlag
 *fill*         0x000000002000019a        0x2 
 .bss.mem.9259  0x000000002000019c      0x220 USB_DEVICE/Target/usbd_conf.o
 *(COMMON)
 COMMON         0x00000000200003bc       0x98 Core/Src/main.o
                0x00000000200003bc                sFilterConfig
                0x00000000200003e4                TxMailBox
                0x00000000200003e8                hcan
                0x0000000020000410                TxData
                0x0000000020000418                RxData
                0x0000000020000420                TxHeader
                0x0000000020000438                RxHeader
 COMMON         0x0000000020000454        0x4 Drivers/STM32F0xx_HAL_Driver/Src/stm32f0xx_hal.o
                0x0000000020000454                uwTick
 COMMON         0x0000000020000458      0x2c4 USB_DEVICE/App/usb_device.o
                0x0000000020000458                hUsbDeviceFS
 COMMON         0x000000002000071c       0xc8 USB_DEVICE/App/usbd_cdc_if.o
                0x000000002000071c                UserRxBufferFS
                0x0000000020000780                UserTxBufferFS
 COMMON         0x00000000200007e4       0x80 USB_DEVICE/App/usbd_desc.o
                0x00000000200007e4                USBD_StrDesc
 COMMON         0x0000000020000864      0x274 USB_DEVICE/Target/usbd_conf.o
                0x0000000020000864                hpcd_USB_FS
                0x0000000020000ad8                . = ALIGN (0x4)
                0x0000000020000ad8                _ebss = .
                0x0000000020000ad8                __bss_end__ = _ebss

._user_heap_stack
                0x0000000020000ad8      0x600 load address 0x0000000008003128
                0x0000000020000ad8                . = ALIGN (0x8)
                [!provide]                        PROVIDE (end = .)
                0x0000000020000ad8                PROVIDE (_end = .)
                0x0000000020000cd8                . = (. + _Min_Heap_Size)
 *fill*         0x0000000020000ad8      0x200 
                0x00000000200010d8                . = (. + _Min_Stack_Size)
 *fill*         0x0000000020000cd8      0x400 
                0x00000000200010d8                . = ALIGN (0x8)

/DISCARD/
 libc.a(*)
 libm.a(*)
 libgcc.a(*)

.ARM.attributes
                0x0000000000000000       0x28
 *(.ARM.attributes)
 .ARM.attributes
                0x0000000000000000       0x1e c:/st/stm32cubeide_1.4.0/stm32cubeide/plugins/com.st.stm32cube.ide.mcu.externaltools.gnu-tools-for-stm32.7-2018-q2-update.win32_1.4.0.202007081208/tools/bin/../lib/gcc/arm-none-eabi/7.3.1/thumb/v6-m/crti.o
 .ARM.attributes
                0x000000000000001e       0x2c c:/st/stm32cubeide_1.4.0/stm32cubeide/plugins/com.st.stm32cube.ide.mcu.externaltools.gnu-tools-for-stm32.7-2018-q2-update.win32_1.4.0.202007081208/tools/bin/../lib/gcc/arm-none-eabi/7.3.1/thumb/v6-m/crtbegin.o
 .ARM.attributes
                0x000000000000004a       0x31 Core/Src/main.o
 .ARM.attributes
                0x000000000000007b       0x31 Core/Src/stm32f0xx_hal_msp.o
 .ARM.attributes
                0x00000000000000ac       0x31 Core/Src/stm32f0xx_it.o
 .ARM.attributes
                0x00000000000000dd       0x31 Core/Src/system_stm32f0xx.o
 .ARM.attributes
                0x000000000000010e       0x21 Core/Startup/startup_stm32f042c6tx.o
 .ARM.attributes
                0x000000000000012f       0x31 Drivers/STM32F0xx_HAL_Driver/Src/stm32f0xx_hal.o
 .ARM.attributes
                0x0000000000000160       0x31 Drivers/STM32F0xx_HAL_Driver/Src/stm32f0xx_hal_can.o
 .ARM.attributes
                0x0000000000000191       0x31 Drivers/STM32F0xx_HAL_Driver/Src/stm32f0xx_hal_cortex.o
 .ARM.attributes
                0x00000000000001c2       0x31 Drivers/STM32F0xx_HAL_Driver/Src/stm32f0xx_hal_gpio.o
 .ARM.attributes
                0x00000000000001f3       0x31 Drivers/STM32F0xx_HAL_Driver/Src/stm32f0xx_hal_i2c_ex.o
 .ARM.attributes
                0x0000000000000224       0x31 Drivers/STM32F0xx_HAL_Driver/Src/stm32f0xx_hal_pcd.o
 .ARM.attributes
                0x0000000000000255       0x31 Drivers/STM32F0xx_HAL_Driver/Src/stm32f0xx_hal_pcd_ex.o
 .ARM.attributes
                0x0000000000000286       0x31 Drivers/STM32F0xx_HAL_Driver/Src/stm32f0xx_ll_gpio.o
 .ARM.attributes
                0x00000000000002b7       0x31 Drivers/STM32F0xx_HAL_Driver/Src/stm32f0xx_ll_usb.o
 .ARM.attributes
                0x00000000000002e8       0x31 Drivers/STM32F0xx_HAL_Driver/Src/stm32f0xx_ll_utils.o
 .ARM.attributes
                0x0000000000000319       0x31 Middlewares/ST/STM32_USB_Device_Library/Class/CDC/Src/usbd_cdc.o
 .ARM.attributes
                0x000000000000034a       0x31 Middlewares/ST/STM32_USB_Device_Library/Core/Src/usbd_core.o
 .ARM.attributes
                0x000000000000037b       0x31 Middlewares/ST/STM32_USB_Device_Library/Core/Src/usbd_ctlreq.o
 .ARM.attributes
                0x00000000000003ac       0x31 Middlewares/ST/STM32_USB_Device_Library/Core/Src/usbd_ioreq.o
 .ARM.attributes
                0x00000000000003dd       0x31 USB_DEVICE/App/usb_device.o
 .ARM.attributes
                0x000000000000040e       0x31 USB_DEVICE/App/usbd_cdc_if.o
 .ARM.attributes
                0x000000000000043f       0x31 USB_DEVICE/App/usbd_desc.o
 .ARM.attributes
                0x0000000000000470       0x31 USB_DEVICE/Target/usbd_conf.o
 .ARM.attributes
                0x00000000000004a1       0x2c c:/st/stm32cubeide_1.4.0/stm32cubeide/plugins/com.st.stm32cube.ide.mcu.externaltools.gnu-tools-for-stm32.7-2018-q2-update.win32_1.4.0.202007081208/tools/bin/../lib/gcc/arm-none-eabi/7.3.1/../../../../arm-none-eabi/lib/thumb/v6-m\libc_nano.a(lib_a-init.o)
 .ARM.attributes
                0x00000000000004cd       0x2c c:/st/stm32cubeide_1.4.0/stm32cubeide/plugins/com.st.stm32cube.ide.mcu.externaltools.gnu-tools-for-stm32.7-2018-q2-update.win32_1.4.0.202007081208/tools/bin/../lib/gcc/arm-none-eabi/7.3.1/../../../../arm-none-eabi/lib/thumb/v6-m\libc_nano.a(lib_a-memset.o)
 .ARM.attributes
                0x00000000000004f9       0x1e c:/st/stm32cubeide_1.4.0/stm32cubeide/plugins/com.st.stm32cube.ide.mcu.externaltools.gnu-tools-for-stm32.7-2018-q2-update.win32_1.4.0.202007081208/tools/bin/../lib/gcc/arm-none-eabi/7.3.1/thumb/v6-m\libgcc.a(_thumb1_case_uqi.o)
 .ARM.attributes
                0x0000000000000517       0x1e c:/st/stm32cubeide_1.4.0/stm32cubeide/plugins/com.st.stm32cube.ide.mcu.externaltools.gnu-tools-for-stm32.7-2018-q2-update.win32_1.4.0.202007081208/tools/bin/../lib/gcc/arm-none-eabi/7.3.1/thumb/v6-m\libgcc.a(_thumb1_case_uhi.o)
 .ARM.attributes
                0x0000000000000535       0x1e c:/st/stm32cubeide_1.4.0/stm32cubeide/plugins/com.st.stm32cube.ide.mcu.externaltools.gnu-tools-for-stm32.7-2018-q2-update.win32_1.4.0.202007081208/tools/bin/../lib/gcc/arm-none-eabi/7.3.1/thumb/v6-m\libgcc.a(_udivsi3.o)
 .ARM.attributes
                0x0000000000000553       0x1e c:/st/stm32cubeide_1.4.0/stm32cubeide/plugins/com.st.stm32cube.ide.mcu.externaltools.gnu-tools-for-stm32.7-2018-q2-update.win32_1.4.0.202007081208/tools/bin/../lib/gcc/arm-none-eabi/7.3.1/thumb/v6-m\libgcc.a(_dvmd_tls.o)
 .ARM.attributes
                0x0000000000000571       0x1e c:/st/stm32cubeide_1.4.0/stm32cubeide/plugins/com.st.stm32cube.ide.mcu.externaltools.gnu-tools-for-stm32.7-2018-q2-update.win32_1.4.0.202007081208/tools/bin/../lib/gcc/arm-none-eabi/7.3.1/thumb/v6-m/crtn.o
OUTPUT(USB_TEST.elf elf32-littlearm)

.debug_info     0x0000000000000000    0x14d20
 .debug_info    0x0000000000000000     0x1b57 Core/Src/main.o
 .debug_info    0x0000000000001b57      0x98b Core/Src/stm32f0xx_hal_msp.o
 .debug_info    0x00000000000024e2      0xbf2 Core/Src/stm32f0xx_it.o
 .debug_info    0x00000000000030d4      0x2a2 Core/Src/system_stm32f0xx.o
 .debug_info    0x0000000000003376       0x22 Core/Startup/startup_stm32f042c6tx.o
 .debug_info    0x0000000000003398      0x750 Drivers/STM32F0xx_HAL_Driver/Src/stm32f0xx_hal.o
 .debug_info    0x0000000000003ae8     0x1078 Drivers/STM32F0xx_HAL_Driver/Src/stm32f0xx_hal_can.o
 .debug_info    0x0000000000004b60      0x85e Drivers/STM32F0xx_HAL_Driver/Src/stm32f0xx_hal_cortex.o
 .debug_info    0x00000000000053be      0x685 Drivers/STM32F0xx_HAL_Driver/Src/stm32f0xx_hal_gpio.o
 .debug_info    0x0000000000005a43      0x8c8 Drivers/STM32F0xx_HAL_Driver/Src/stm32f0xx_hal_i2c_ex.o
 .debug_info    0x000000000000630b     0x12da Drivers/STM32F0xx_HAL_Driver/Src/stm32f0xx_hal_pcd.o
 .debug_info    0x00000000000075e5      0x973 Drivers/STM32F0xx_HAL_Driver/Src/stm32f0xx_hal_pcd_ex.o
 .debug_info    0x0000000000007f58      0x754 Drivers/STM32F0xx_HAL_Driver/Src/stm32f0xx_ll_gpio.o
 .debug_info    0x00000000000086ac     0x159f Drivers/STM32F0xx_HAL_Driver/Src/stm32f0xx_ll_usb.o
 .debug_info    0x0000000000009c4b      0xb5f Drivers/STM32F0xx_HAL_Driver/Src/stm32f0xx_ll_utils.o
 .debug_info    0x000000000000a7aa     0x1adb Middlewares/ST/STM32_USB_Device_Library/Class/CDC/Src/usbd_cdc.o
 .debug_info    0x000000000000c285     0x1536 Middlewares/ST/STM32_USB_Device_Library/Core/Src/usbd_core.o
 .debug_info    0x000000000000d7bb     0x1552 Middlewares/ST/STM32_USB_Device_Library/Core/Src/usbd_ctlreq.o
 .debug_info    0x000000000000ed0d     0x1031 Middlewares/ST/STM32_USB_Device_Library/Core/Src/usbd_ioreq.o
 .debug_info    0x000000000000fd3e      0xf34 USB_DEVICE/App/usb_device.o
 .debug_info    0x0000000000010c72     0x11cd USB_DEVICE/App/usbd_cdc_if.o
 .debug_info    0x0000000000011e3f      0xe99 USB_DEVICE/App/usbd_desc.o
 .debug_info    0x0000000000012cd8     0x2048 USB_DEVICE/Target/usbd_conf.o

.debug_abbrev   0x0000000000000000     0x3994
 .debug_abbrev  0x0000000000000000      0x406 Core/Src/main.o
 .debug_abbrev  0x0000000000000406      0x1f5 Core/Src/stm32f0xx_hal_msp.o
 .debug_abbrev  0x00000000000005fb      0x1d0 Core/Src/stm32f0xx_it.o
 .debug_abbrev  0x00000000000007cb      0x12b Core/Src/system_stm32f0xx.o
 .debug_abbrev  0x00000000000008f6       0x12 Core/Startup/startup_stm32f042c6tx.o
 .debug_abbrev  0x0000000000000908      0x26b Drivers/STM32F0xx_HAL_Driver/Src/stm32f0xx_hal.o
 .debug_abbrev  0x0000000000000b73      0x280 Drivers/STM32F0xx_HAL_Driver/Src/stm32f0xx_hal_can.o
 .debug_abbrev  0x0000000000000df3      0x272 Drivers/STM32F0xx_HAL_Driver/Src/stm32f0xx_hal_cortex.o
 .debug_abbrev  0x0000000000001065      0x1eb Drivers/STM32F0xx_HAL_Driver/Src/stm32f0xx_hal_gpio.o
 .debug_abbrev  0x0000000000001250      0x1c6 Drivers/STM32F0xx_HAL_Driver/Src/stm32f0xx_hal_i2c_ex.o
 .debug_abbrev  0x0000000000001416      0x337 Drivers/STM32F0xx_HAL_Driver/Src/stm32f0xx_hal_pcd.o
 .debug_abbrev  0x000000000000174d      0x25b Drivers/STM32F0xx_HAL_Driver/Src/stm32f0xx_hal_pcd_ex.o
 .debug_abbrev  0x00000000000019a8      0x1eb Drivers/STM32F0xx_HAL_Driver/Src/stm32f0xx_ll_gpio.o
 .debug_abbrev  0x0000000000001b93      0x35f Drivers/STM32F0xx_HAL_Driver/Src/stm32f0xx_ll_usb.o
 .debug_abbrev  0x0000000000001ef2      0x343 Drivers/STM32F0xx_HAL_Driver/Src/stm32f0xx_ll_utils.o
 .debug_abbrev  0x0000000000002235      0x325 Middlewares/ST/STM32_USB_Device_Library/Class/CDC/Src/usbd_cdc.o
 .debug_abbrev  0x000000000000255a      0x347 Middlewares/ST/STM32_USB_Device_Library/Core/Src/usbd_core.o
 .debug_abbrev  0x00000000000028a1      0x3ab Middlewares/ST/STM32_USB_Device_Library/Core/Src/usbd_ctlreq.o
 .debug_abbrev  0x0000000000002c4c      0x1fd Middlewares/ST/STM32_USB_Device_Library/Core/Src/usbd_ioreq.o
 .debug_abbrev  0x0000000000002e49      0x204 USB_DEVICE/App/usb_device.o
 .debug_abbrev  0x000000000000304d      0x2eb USB_DEVICE/App/usbd_cdc_if.o
 .debug_abbrev  0x0000000000003338      0x32d USB_DEVICE/App/usbd_desc.o
 .debug_abbrev  0x0000000000003665      0x32f USB_DEVICE/Target/usbd_conf.o

.debug_loc      0x0000000000000000     0x6334
 .debug_loc     0x0000000000000000      0x232 Core/Src/main.o
 .debug_loc     0x0000000000000232       0x4d Core/Src/stm32f0xx_hal_msp.o
 .debug_loc     0x000000000000027f       0xe7 Core/Src/system_stm32f0xx.o
 .debug_loc     0x0000000000000366       0xef Drivers/STM32F0xx_HAL_Driver/Src/stm32f0xx_hal.o
 .debug_loc     0x0000000000000455      0xb6b Drivers/STM32F0xx_HAL_Driver/Src/stm32f0xx_hal_can.o
 .debug_loc     0x0000000000000fc0      0x394 Drivers/STM32F0xx_HAL_Driver/Src/stm32f0xx_hal_cortex.o
 .debug_loc     0x0000000000001354      0x302 Drivers/STM32F0xx_HAL_Driver/Src/stm32f0xx_hal_gpio.o
 .debug_loc     0x0000000000001656      0x1bc Drivers/STM32F0xx_HAL_Driver/Src/stm32f0xx_hal_i2c_ex.o
 .debug_loc     0x0000000000001812      0x99f Drivers/STM32F0xx_HAL_Driver/Src/stm32f0xx_hal_pcd.o
 .debug_loc     0x00000000000021b1      0x28f Drivers/STM32F0xx_HAL_Driver/Src/stm32f0xx_hal_pcd_ex.o
 .debug_loc     0x0000000000002440      0x2f4 Drivers/STM32F0xx_HAL_Driver/Src/stm32f0xx_ll_gpio.o
 .debug_loc     0x0000000000002734     0x1303 Drivers/STM32F0xx_HAL_Driver/Src/stm32f0xx_ll_usb.o
 .debug_loc     0x0000000000003a37      0x67e Drivers/STM32F0xx_HAL_Driver/Src/stm32f0xx_ll_utils.o
 .debug_loc     0x00000000000040b5      0x55e Middlewares/ST/STM32_USB_Device_Library/Class/CDC/Src/usbd_cdc.o
 .debug_loc     0x0000000000004613      0x642 Middlewares/ST/STM32_USB_Device_Library/Core/Src/usbd_core.o
 .debug_loc     0x0000000000004c55      0x702 Middlewares/ST/STM32_USB_Device_Library/Core/Src/usbd_ctlreq.o
 .debug_loc     0x0000000000005357      0x23c Middlewares/ST/STM32_USB_Device_Library/Core/Src/usbd_ioreq.o
 .debug_loc     0x0000000000005593      0x14e USB_DEVICE/App/usbd_cdc_if.o
 .debug_loc     0x00000000000056e1      0x32e USB_DEVICE/App/usbd_desc.o
 .debug_loc     0x0000000000005a0f      0x925 USB_DEVICE/Target/usbd_conf.o

.debug_aranges  0x0000000000000000      0x9f0
 .debug_aranges
                0x0000000000000000       0x58 Core/Src/main.o
 .debug_aranges
                0x0000000000000058       0x30 Core/Src/stm32f0xx_hal_msp.o
 .debug_aranges
                0x0000000000000088       0x40 Core/Src/stm32f0xx_it.o
 .debug_aranges
                0x00000000000000c8       0x28 Core/Src/system_stm32f0xx.o
 .debug_aranges
                0x00000000000000f0       0x28 Core/Startup/startup_stm32f042c6tx.o
 .debug_aranges
                0x0000000000000118       0xc8 Drivers/STM32F0xx_HAL_Driver/Src/stm32f0xx_hal.o
 .debug_aranges
                0x00000000000001e0       0xc8 Drivers/STM32F0xx_HAL_Driver/Src/stm32f0xx_hal_can.o
 .debug_aranges
                0x00000000000002a8       0x78 Drivers/STM32F0xx_HAL_Driver/Src/stm32f0xx_hal_cortex.o
 .debug_aranges
                0x0000000000000320       0x58 Drivers/STM32F0xx_HAL_Driver/Src/stm32f0xx_hal_gpio.o
 .debug_aranges
                0x0000000000000378       0x48 Drivers/STM32F0xx_HAL_Driver/Src/stm32f0xx_hal_i2c_ex.o
 .debug_aranges
                0x00000000000003c0       0xc0 Drivers/STM32F0xx_HAL_Driver/Src/stm32f0xx_hal_pcd.o
 .debug_aranges
                0x0000000000000480       0x50 Drivers/STM32F0xx_HAL_Driver/Src/stm32f0xx_hal_pcd_ex.o
 .debug_aranges
                0x00000000000004d0       0x30 Drivers/STM32F0xx_HAL_Driver/Src/stm32f0xx_ll_gpio.o
 .debug_aranges
                0x0000000000000500       0xf0 Drivers/STM32F0xx_HAL_Driver/Src/stm32f0xx_ll_usb.o
 .debug_aranges
                0x00000000000005f0       0x68 Drivers/STM32F0xx_HAL_Driver/Src/stm32f0xx_ll_utils.o
 .debug_aranges
                0x0000000000000658       0x90 Middlewares/ST/STM32_USB_Device_Library/Class/CDC/Src/usbd_cdc.o
 .debug_aranges
                0x00000000000006e8       0xa8 Middlewares/ST/STM32_USB_Device_Library/Core/Src/usbd_core.o
 .debug_aranges
                0x0000000000000790       0x50 Middlewares/ST/STM32_USB_Device_Library/Core/Src/usbd_ctlreq.o
 .debug_aranges
                0x00000000000007e0       0x50 Middlewares/ST/STM32_USB_Device_Library/Core/Src/usbd_ioreq.o
 .debug_aranges
                0x0000000000000830       0x20 USB_DEVICE/App/usb_device.o
 .debug_aranges
                0x0000000000000850       0x40 USB_DEVICE/App/usbd_cdc_if.o
 .debug_aranges
                0x0000000000000890       0x58 USB_DEVICE/App/usbd_desc.o
 .debug_aranges
                0x00000000000008e8      0x108 USB_DEVICE/Target/usbd_conf.o

.debug_ranges   0x0000000000000000     0x1118
 .debug_ranges  0x0000000000000000      0x1d0 Core/Src/main.o
 .debug_ranges  0x00000000000001d0       0xb8 Core/Src/stm32f0xx_hal_msp.o
 .debug_ranges  0x0000000000000288       0x30 Core/Src/stm32f0xx_it.o
 .debug_ranges  0x00000000000002b8       0x18 Core/Src/system_stm32f0xx.o
 .debug_ranges  0x00000000000002d0       0x20 Core/Startup/startup_stm32f042c6tx.o
 .debug_ranges  0x00000000000002f0       0xb8 Drivers/STM32F0xx_HAL_Driver/Src/stm32f0xx_hal.o
 .debug_ranges  0x00000000000003a8       0xb8 Drivers/STM32F0xx_HAL_Driver/Src/stm32f0xx_hal_can.o
 .debug_ranges  0x0000000000000460       0xb8 Drivers/STM32F0xx_HAL_Driver/Src/stm32f0xx_hal_cortex.o
 .debug_ranges  0x0000000000000518       0x70 Drivers/STM32F0xx_HAL_Driver/Src/stm32f0xx_hal_gpio.o
 .debug_ranges  0x0000000000000588       0x78 Drivers/STM32F0xx_HAL_Driver/Src/stm32f0xx_hal_i2c_ex.o
 .debug_ranges  0x0000000000000600      0x160 Drivers/STM32F0xx_HAL_Driver/Src/stm32f0xx_hal_pcd.o
 .debug_ranges  0x0000000000000760       0x40 Drivers/STM32F0xx_HAL_Driver/Src/stm32f0xx_hal_pcd_ex.o
 .debug_ranges  0x00000000000007a0       0x50 Drivers/STM32F0xx_HAL_Driver/Src/stm32f0xx_ll_gpio.o
 .debug_ranges  0x00000000000007f0      0x2f0 Drivers/STM32F0xx_HAL_Driver/Src/stm32f0xx_ll_usb.o
 .debug_ranges  0x0000000000000ae0      0x238 Drivers/STM32F0xx_HAL_Driver/Src/stm32f0xx_ll_utils.o
 .debug_ranges  0x0000000000000d18       0x80 Middlewares/ST/STM32_USB_Device_Library/Class/CDC/Src/usbd_cdc.o
 .debug_ranges  0x0000000000000d98       0x98 Middlewares/ST/STM32_USB_Device_Library/Core/Src/usbd_core.o
 .debug_ranges  0x0000000000000e30       0xc0 Middlewares/ST/STM32_USB_Device_Library/Core/Src/usbd_ctlreq.o
 .debug_ranges  0x0000000000000ef0       0x40 Middlewares/ST/STM32_USB_Device_Library/Core/Src/usbd_ioreq.o
 .debug_ranges  0x0000000000000f30       0x10 USB_DEVICE/App/usb_device.o
 .debug_ranges  0x0000000000000f40       0x30 USB_DEVICE/App/usbd_cdc_if.o
 .debug_ranges  0x0000000000000f70       0x90 USB_DEVICE/App/usbd_desc.o
 .debug_ranges  0x0000000000001000      0x118 USB_DEVICE/Target/usbd_conf.o

.debug_macro    0x0000000000000000    0x18ab9
 .debug_macro   0x0000000000000000      0x409 Core/Src/main.o
 .debug_macro   0x0000000000000409      0xa54 Core/Src/main.o
 .debug_macro   0x0000000000000e5d      0x133 Core/Src/main.o
 .debug_macro   0x0000000000000f90       0x2e Core/Src/main.o
 .debug_macro   0x0000000000000fbe       0x22 Core/Src/main.o
 .debug_macro   0x0000000000000fe0       0x22 Core/Src/main.o
 .debug_macro   0x0000000000001002       0x8e Core/Src/main.o
 .debug_macro   0x0000000000001090       0x51 Core/Src/main.o
 .debug_macro   0x00000000000010e1       0xef Core/Src/main.o
 .debug_macro   0x00000000000011d0       0x6a Core/Src/main.o
 .debug_macro   0x000000000000123a      0x1df Core/Src/main.o
 .debug_macro   0x0000000000001419       0x1c Core/Src/main.o
 .debug_macro   0x0000000000001435       0x22 Core/Src/main.o
 .debug_macro   0x0000000000001457       0xb5 Core/Src/main.o
 .debug_macro   0x000000000000150c      0x391 Core/Src/main.o
 .debug_macro   0x000000000000189d     0xf1e6 Core/Src/main.o
 .debug_macro   0x0000000000010a83       0x3c Core/Src/main.o
 .debug_macro   0x0000000000010abf      0x174 Core/Src/main.o
 .debug_macro   0x0000000000010c33       0x53 Core/Src/main.o
 .debug_macro   0x0000000000010c86      0x946 Core/Src/main.o
 .debug_macro   0x00000000000115cc      0x46b Core/Src/main.o
 .debug_macro   0x0000000000011a37      0x12f Core/Src/main.o
 .debug_macro   0x0000000000011b66      0x130 Core/Src/main.o
 .debug_macro   0x0000000000011c96      0x199 Core/Src/main.o
 .debug_macro   0x0000000000011e2f      0x1ed Core/Src/main.o
 .debug_macro   0x000000000001201c       0x34 Core/Src/main.o
 .debug_macro   0x0000000000012050       0x43 Core/Src/main.o
 .debug_macro   0x0000000000012093       0x28 Core/Src/main.o
 .debug_macro   0x00000000000120bb      0x408 Core/Src/main.o
 .debug_macro   0x00000000000124c3       0xb0 Core/Src/main.o
 .debug_macro   0x0000000000012573      0x182 Core/Src/main.o
 .debug_macro   0x00000000000126f5      0x22c Core/Src/main.o
 .debug_macro   0x0000000000012921       0x5f Core/Src/main.o
 .debug_macro   0x0000000000012980       0xa5 Core/Src/main.o
 .debug_macro   0x0000000000012a25       0x65 Core/Src/main.o
 .debug_macro   0x0000000000012a8a      0x234 Core/Src/main.o
 .debug_macro   0x0000000000012cbe       0x4c Core/Src/main.o
 .debug_macro   0x0000000000012d0a      0x15b Core/Src/main.o
 .debug_macro   0x0000000000012e65      0x12e Core/Src/main.o
 .debug_macro   0x0000000000012f93       0xd0 Core/Src/main.o
 .debug_macro   0x0000000000013063      0x3fd Core/Src/main.o
 .debug_macro   0x0000000000013460       0xd9 Core/Src/main.o
 .debug_macro   0x0000000000013539      0x192 Core/Src/main.o
 .debug_macro   0x00000000000136cb       0xfc Core/Src/main.o
 .debug_macro   0x00000000000137c7       0x16 Core/Src/main.o
 .debug_macro   0x00000000000137dd       0x2a Core/Src/main.o
 .debug_macro   0x0000000000013807       0xce Core/Src/main.o
 .debug_macro   0x00000000000138d5      0x293 Core/Src/main.o
 .debug_macro   0x0000000000013b68      0x11f Core/Src/main.o
 .debug_macro   0x0000000000013c87       0x4c Core/Src/main.o
 .debug_macro   0x0000000000013cd3       0x46 Core/Src/main.o
 .debug_macro   0x0000000000013d19       0x18 Core/Src/main.o
 .debug_macro   0x0000000000013d31       0x3c Core/Src/main.o
 .debug_macro   0x0000000000013d6d       0x34 Core/Src/main.o
 .debug_macro   0x0000000000013da1       0x16 Core/Src/main.o
 .debug_macro   0x0000000000013db7       0x35 Core/Src/main.o
 .debug_macro   0x0000000000013dec      0x32a Core/Src/main.o
 .debug_macro   0x0000000000014116       0x10 Core/Src/main.o
 .debug_macro   0x0000000000014126       0x52 Core/Src/main.o
 .debug_macro   0x0000000000014178       0x1f Core/Src/main.o
 .debug_macro   0x0000000000014197       0x43 Core/Src/main.o
 .debug_macro   0x00000000000141da       0x20 Core/Src/main.o
 .debug_macro   0x00000000000141fa      0x1a3 Core/Src/main.o
 .debug_macro   0x000000000001439d       0x10 Core/Src/main.o
 .debug_macro   0x00000000000143ad       0x1c Core/Src/main.o
 .debug_macro   0x00000000000143c9       0x52 Core/Src/main.o
 .debug_macro   0x000000000001441b       0x40 Core/Src/main.o
 .debug_macro   0x000000000001445b       0x10 Core/Src/main.o
 .debug_macro   0x000000000001446b       0x40 Core/Src/main.o
 .debug_macro   0x00000000000144ab       0xd7 Core/Src/main.o
 .debug_macro   0x0000000000014582       0x1c Core/Src/main.o
 .debug_macro   0x000000000001459e       0x3d Core/Src/main.o
 .debug_macro   0x00000000000145db       0x16 Core/Src/main.o
 .debug_macro   0x00000000000145f1      0x145 Core/Src/main.o
 .debug_macro   0x0000000000014736       0x16 Core/Src/main.o
 .debug_macro   0x000000000001474c       0x16 Core/Src/main.o
 .debug_macro   0x0000000000014762       0x29 Core/Src/main.o
 .debug_macro   0x000000000001478b       0x16 Core/Src/main.o
 .debug_macro   0x00000000000147a1       0x20 Core/Src/main.o
 .debug_macro   0x00000000000147c1       0x5f Core/Src/main.o
 .debug_macro   0x0000000000014820      0x1c8 Core/Src/main.o
 .debug_macro   0x00000000000149e8      0x227 Core/Src/stm32f0xx_hal_msp.o
 .debug_macro   0x0000000000014c0f      0x231 Core/Src/stm32f0xx_it.o
 .debug_macro   0x0000000000014e40      0x1be Core/Src/system_stm32f0xx.o
 .debug_macro   0x0000000000014ffe      0x1e2 Drivers/STM32F0xx_HAL_Driver/Src/stm32f0xx_hal.o
 .debug_macro   0x00000000000151e0      0x1c6 Drivers/STM32F0xx_HAL_Driver/Src/stm32f0xx_hal_can.o
 .debug_macro   0x00000000000153a6      0x1be Drivers/STM32F0xx_HAL_Driver/Src/stm32f0xx_hal_cortex.o
 .debug_macro   0x0000000000015564      0x1f6 Drivers/STM32F0xx_HAL_Driver/Src/stm32f0xx_hal_gpio.o
 .debug_macro   0x000000000001575a      0x1be Drivers/STM32F0xx_HAL_Driver/Src/stm32f0xx_hal_i2c_ex.o
 .debug_macro   0x0000000000015918      0x1ca Drivers/STM32F0xx_HAL_Driver/Src/stm32f0xx_hal_pcd.o
 .debug_macro   0x0000000000015ae2      0x1be Drivers/STM32F0xx_HAL_Driver/Src/stm32f0xx_hal_pcd_ex.o
 .debug_macro   0x0000000000015ca0      0x200 Drivers/STM32F0xx_HAL_Driver/Src/stm32f0xx_ll_gpio.o
 .debug_macro   0x0000000000015ea0      0x119 Drivers/STM32F0xx_HAL_Driver/Src/stm32f0xx_ll_gpio.o
 .debug_macro   0x0000000000015fb9      0x1be Drivers/STM32F0xx_HAL_Driver/Src/stm32f0xx_ll_usb.o
 .debug_macro   0x0000000000016177      0x22d Drivers/STM32F0xx_HAL_Driver/Src/stm32f0xx_ll_utils.o
 .debug_macro   0x00000000000163a4      0x434 Middlewares/ST/STM32_USB_Device_Library/Class/CDC/Src/usbd_cdc.o
 .debug_macro   0x00000000000167d8       0x97 Middlewares/ST/STM32_USB_Device_Library/Class/CDC/Src/usbd_cdc.o
 .debug_macro   0x000000000001686f       0xfd Middlewares/ST/STM32_USB_Device_Library/Class/CDC/Src/usbd_cdc.o
 .debug_macro   0x000000000001696c       0xaf Middlewares/ST/STM32_USB_Device_Library/Class/CDC/Src/usbd_cdc.o
 .debug_macro   0x0000000000016a1b       0x4d Middlewares/ST/STM32_USB_Device_Library/Class/CDC/Src/usbd_cdc.o
 .debug_macro   0x0000000000016a68       0x8f Middlewares/ST/STM32_USB_Device_Library/Class/CDC/Src/usbd_cdc.o
 .debug_macro   0x0000000000016af7      0x41b Middlewares/ST/STM32_USB_Device_Library/Core/Src/usbd_core.o
 .debug_macro   0x0000000000016f12      0x1ce Middlewares/ST/STM32_USB_Device_Library/Core/Src/usbd_core.o
 .debug_macro   0x00000000000170e0      0x425 Middlewares/ST/STM32_USB_Device_Library/Core/Src/usbd_ctlreq.o
 .debug_macro   0x0000000000017505      0x421 Middlewares/ST/STM32_USB_Device_Library/Core/Src/usbd_ioreq.o
 .debug_macro   0x0000000000017926      0x45a USB_DEVICE/App/usb_device.o
 .debug_macro   0x0000000000017d80       0x22 USB_DEVICE/App/usb_device.o
 .debug_macro   0x0000000000017da2       0x16 USB_DEVICE/App/usb_device.o
 .debug_macro   0x0000000000017db8      0x43f USB_DEVICE/App/usbd_cdc_if.o
 .debug_macro   0x00000000000181f7       0x10 USB_DEVICE/App/usbd_cdc_if.o
 .debug_macro   0x0000000000018207      0x458 USB_DEVICE/App/usbd_desc.o
 .debug_macro   0x000000000001865f       0x1c USB_DEVICE/App/usbd_desc.o
 .debug_macro   0x000000000001867b      0x43e USB_DEVICE/Target/usbd_conf.o

.debug_line     0x0000000000000000     0xd9e9
 .debug_line    0x0000000000000000      0xc41 Core/Src/main.o
 .debug_line    0x0000000000000c41      0x7dd Core/Src/stm32f0xx_hal_msp.o
 .debug_line    0x000000000000141e      0x7ce Core/Src/stm32f0xx_it.o
 .debug_line    0x0000000000001bec      0x6bd Core/Src/system_stm32f0xx.o
 .debug_line    0x00000000000022a9       0x9b Core/Startup/startup_stm32f042c6tx.o
 .debug_line    0x0000000000002344      0x85f Drivers/STM32F0xx_HAL_Driver/Src/stm32f0xx_hal.o
 .debug_line    0x0000000000002ba3      0xa9a Drivers/STM32F0xx_HAL_Driver/Src/stm32f0xx_hal_can.o
 .debug_line    0x000000000000363d      0x816 Drivers/STM32F0xx_HAL_Driver/Src/stm32f0xx_hal_cortex.o
 .debug_line    0x0000000000003e53      0x808 Drivers/STM32F0xx_HAL_Driver/Src/stm32f0xx_hal_gpio.o
 .debug_line    0x000000000000465b      0x802 Drivers/STM32F0xx_HAL_Driver/Src/stm32f0xx_hal_i2c_ex.o
 .debug_line    0x0000000000004e5d      0xaad Drivers/STM32F0xx_HAL_Driver/Src/stm32f0xx_hal_pcd.o
 .debug_line    0x000000000000590a      0x781 Drivers/STM32F0xx_HAL_Driver/Src/stm32f0xx_hal_pcd_ex.o
 .debug_line    0x000000000000608b      0x791 Drivers/STM32F0xx_HAL_Driver/Src/stm32f0xx_ll_gpio.o
 .debug_line    0x000000000000681c      0xaa9 Drivers/STM32F0xx_HAL_Driver/Src/stm32f0xx_ll_usb.o
 .debug_line    0x00000000000072c5      0x98d Drivers/STM32F0xx_HAL_Driver/Src/stm32f0xx_ll_utils.o
 .debug_line    0x0000000000007c52      0xc91 Middlewares/ST/STM32_USB_Device_Library/Class/CDC/Src/usbd_cdc.o
 .debug_line    0x00000000000088e3      0xc81 Middlewares/ST/STM32_USB_Device_Library/Core/Src/usbd_core.o
 .debug_line    0x0000000000009564      0xc2b Middlewares/ST/STM32_USB_Device_Library/Core/Src/usbd_ctlreq.o
 .debug_line    0x000000000000a18f      0xadc Middlewares/ST/STM32_USB_Device_Library/Core/Src/usbd_ioreq.o
 .debug_line    0x000000000000ac6b      0xab9 USB_DEVICE/App/usb_device.o
 .debug_line    0x000000000000b724      0xaf3 USB_DEVICE/App/usbd_cdc_if.o
 .debug_line    0x000000000000c217      0xaf5 USB_DEVICE/App/usbd_desc.o
 .debug_line    0x000000000000cd0c      0xcdd USB_DEVICE/Target/usbd_conf.o

.debug_str      0x0000000000000000    0x7a536
 .debug_str     0x0000000000000000    0x763d1 Core/Src/main.o
                                      0x769ed (size before relaxing)
 .debug_str     0x00000000000763d1      0x20b Core/Src/stm32f0xx_hal_msp.o
                                      0x71be0 (size before relaxing)
 .debug_str     0x00000000000765dc      0x3e9 Core/Src/stm32f0xx_it.o
                                      0x71dc0 (size before relaxing)
 .debug_str     0x00000000000769c5       0x5f Core/Src/system_stm32f0xx.o
                                      0x6bfd1 (size before relaxing)
 .debug_str     0x0000000000076a24       0x36 Core/Startup/startup_stm32f042c6tx.o
                                         0x71 (size before relaxing)
 .debug_str     0x0000000000076a5a      0x35f Drivers/STM32F0xx_HAL_Driver/Src/stm32f0xx_hal.o
                                      0x6c523 (size before relaxing)
 .debug_str     0x0000000000076db9      0x397 Drivers/STM32F0xx_HAL_Driver/Src/stm32f0xx_hal_can.o
                                      0x6c7ce (size before relaxing)
 .debug_str     0x0000000000077150      0x1a9 Drivers/STM32F0xx_HAL_Driver/Src/stm32f0xx_hal_cortex.o
                                      0x6c3af (size before relaxing)
 .debug_str     0x00000000000772f9      0x1f9 Drivers/STM32F0xx_HAL_Driver/Src/stm32f0xx_hal_gpio.o
                                      0x6c26d (size before relaxing)
 .debug_str     0x00000000000774f2      0x4d0 Drivers/STM32F0xx_HAL_Driver/Src/stm32f0xx_hal_i2c_ex.o
                                      0x6c56f (size before relaxing)
 .debug_str     0x00000000000779c2      0x504 Drivers/STM32F0xx_HAL_Driver/Src/stm32f0xx_hal_pcd.o
                                      0x6c81c (size before relaxing)
 .debug_str     0x0000000000077ec6      0x199 Drivers/STM32F0xx_HAL_Driver/Src/stm32f0xx_hal_pcd_ex.o
                                      0x6c4f7 (size before relaxing)
 .debug_str     0x000000000007805f      0x517 Drivers/STM32F0xx_HAL_Driver/Src/stm32f0xx_ll_gpio.o
                                      0x6d1c1 (size before relaxing)
 .debug_str     0x0000000000078576      0x1e8 Drivers/STM32F0xx_HAL_Driver/Src/stm32f0xx_ll_usb.o
                                      0x6c4c7 (size before relaxing)
 .debug_str     0x000000000007875e      0xc19 Drivers/STM32F0xx_HAL_Driver/Src/stm32f0xx_ll_utils.o
                                      0x6f451 (size before relaxing)
 .debug_str     0x0000000000079377      0x967 Middlewares/ST/STM32_USB_Device_Library/Class/CDC/Src/usbd_cdc.o
                                      0x76f7c (size before relaxing)
 .debug_str     0x0000000000079cde      0x294 Middlewares/ST/STM32_USB_Device_Library/Core/Src/usbd_core.o
                                      0x76888 (size before relaxing)
 .debug_str     0x0000000000079f72      0x120 Middlewares/ST/STM32_USB_Device_Library/Core/Src/usbd_ctlreq.o
                                      0x767a2 (size before relaxing)
 .debug_str     0x000000000007a092       0x51 Middlewares/ST/STM32_USB_Device_Library/Core/Src/usbd_ioreq.o
                                      0x766cf (size before relaxing)
 .debug_str     0x000000000007a0e3      0x103 USB_DEVICE/App/usb_device.o
                                      0x76a47 (size before relaxing)
 .debug_str     0x000000000007a1e6       0x76 USB_DEVICE/App/usbd_cdc_if.o
                                      0x76a8d (size before relaxing)
 .debug_str     0x000000000007a25c      0x24e USB_DEVICE/App/usbd_desc.o
                                      0x76601 (size before relaxing)
 .debug_str     0x000000000007a4aa       0x8c USB_DEVICE/Target/usbd_conf.o
                                      0x773b8 (size before relaxing)

.comment        0x0000000000000000       0x7b
 .comment       0x0000000000000000       0x7b Core/Src/main.o
                                         0x7c (size before relaxing)
 .comment       0x000000000000007b       0x7c Core/Src/stm32f0xx_hal_msp.o
 .comment       0x000000000000007b       0x7c Core/Src/stm32f0xx_it.o
 .comment       0x000000000000007b       0x7c Core/Src/system_stm32f0xx.o
 .comment       0x000000000000007b       0x7c Drivers/STM32F0xx_HAL_Driver/Src/stm32f0xx_hal.o
 .comment       0x000000000000007b       0x7c Drivers/STM32F0xx_HAL_Driver/Src/stm32f0xx_hal_can.o
 .comment       0x000000000000007b       0x7c Drivers/STM32F0xx_HAL_Driver/Src/stm32f0xx_hal_cortex.o
 .comment       0x000000000000007b       0x7c Drivers/STM32F0xx_HAL_Driver/Src/stm32f0xx_hal_gpio.o
 .comment       0x000000000000007b       0x7c Drivers/STM32F0xx_HAL_Driver/Src/stm32f0xx_hal_i2c_ex.o
 .comment       0x000000000000007b       0x7c Drivers/STM32F0xx_HAL_Driver/Src/stm32f0xx_hal_pcd.o
 .comment       0x000000000000007b       0x7c Drivers/STM32F0xx_HAL_Driver/Src/stm32f0xx_hal_pcd_ex.o
 .comment       0x000000000000007b       0x7c Drivers/STM32F0xx_HAL_Driver/Src/stm32f0xx_ll_gpio.o
 .comment       0x000000000000007b       0x7c Drivers/STM32F0xx_HAL_Driver/Src/stm32f0xx_ll_usb.o
 .comment       0x000000000000007b       0x7c Drivers/STM32F0xx_HAL_Driver/Src/stm32f0xx_ll_utils.o
 .comment       0x000000000000007b       0x7c Middlewares/ST/STM32_USB_Device_Library/Class/CDC/Src/usbd_cdc.o
 .comment       0x000000000000007b       0x7c Middlewares/ST/STM32_USB_Device_Library/Core/Src/usbd_core.o
 .comment       0x000000000000007b       0x7c Middlewares/ST/STM32_USB_Device_Library/Core/Src/usbd_ctlreq.o
 .comment       0x000000000000007b       0x7c Middlewares/ST/STM32_USB_Device_Library/Core/Src/usbd_ioreq.o
 .comment       0x000000000000007b       0x7c USB_DEVICE/App/usb_device.o
 .comment       0x000000000000007b       0x7c USB_DEVICE/App/usbd_cdc_if.o
 .comment       0x000000000000007b       0x7c USB_DEVICE/App/usbd_desc.o
 .comment       0x000000000000007b       0x7c USB_DEVICE/Target/usbd_conf.o

.debug_frame    0x0000000000000000     0x19a0
 .debug_frame   0x0000000000000000       0xe0 Core/Src/main.o
 .debug_frame   0x00000000000000e0       0x58 Core/Src/stm32f0xx_hal_msp.o
 .debug_frame   0x0000000000000138       0x98 Core/Src/stm32f0xx_it.o
 .debug_frame   0x00000000000001d0       0x3c Core/Src/system_stm32f0xx.o
 .debug_frame   0x000000000000020c      0x1b4 Drivers/STM32F0xx_HAL_Driver/Src/stm32f0xx_hal.o
 .debug_frame   0x00000000000003c0      0x2dc Drivers/STM32F0xx_HAL_Driver/Src/stm32f0xx_hal_can.o
 .debug_frame   0x000000000000069c       0xe4 Drivers/STM32F0xx_HAL_Driver/Src/stm32f0xx_hal_cortex.o
 .debug_frame   0x0000000000000780       0xbc Drivers/STM32F0xx_HAL_Driver/Src/stm32f0xx_hal_gpio.o
 .debug_frame   0x000000000000083c       0xc0 Drivers/STM32F0xx_HAL_Driver/Src/stm32f0xx_hal_i2c_ex.o
 .debug_frame   0x00000000000008fc      0x2d8 Drivers/STM32F0xx_HAL_Driver/Src/stm32f0xx_hal_pcd.o
 .debug_frame   0x0000000000000bd4       0xb4 Drivers/STM32F0xx_HAL_Driver/Src/stm32f0xx_hal_pcd_ex.o
 .debug_frame   0x0000000000000c88       0x50 Drivers/STM32F0xx_HAL_Driver/Src/stm32f0xx_ll_gpio.o
 .debug_frame   0x0000000000000cd8      0x250 Drivers/STM32F0xx_HAL_Driver/Src/stm32f0xx_ll_usb.o
 .debug_frame   0x0000000000000f28      0x11c Drivers/STM32F0xx_HAL_Driver/Src/stm32f0xx_ll_utils.o
 .debug_frame   0x0000000000001044      0x170 Middlewares/ST/STM32_USB_Device_Library/Class/CDC/Src/usbd_cdc.o
 .debug_frame   0x00000000000011b4      0x1c4 Middlewares/ST/STM32_USB_Device_Library/Core/Src/usbd_core.o
 .debug_frame   0x0000000000001378       0xc4 Middlewares/ST/STM32_USB_Device_Library/Core/Src/usbd_ctlreq.o
 .debug_frame   0x000000000000143c       0xb8 Middlewares/ST/STM32_USB_Device_Library/Core/Src/usbd_ioreq.o
 .debug_frame   0x00000000000014f4       0x28 USB_DEVICE/App/usb_device.o
 .debug_frame   0x000000000000151c       0x7c USB_DEVICE/App/usbd_cdc_if.o
 .debug_frame   0x0000000000001598       0xc8 USB_DEVICE/App/usbd_desc.o
 .debug_frame   0x0000000000001660      0x2d4 USB_DEVICE/Target/usbd_conf.o
 .debug_frame   0x0000000000001934       0x2c c:/st/stm32cubeide_1.4.0/stm32cubeide/plugins/com.st.stm32cube.ide.mcu.externaltools.gnu-tools-for-stm32.7-2018-q2-update.win32_1.4.0.202007081208/tools/bin/../lib/gcc/arm-none-eabi/7.3.1/../../../../arm-none-eabi/lib/thumb/v6-m\libc_nano.a(lib_a-init.o)
 .debug_frame   0x0000000000001960       0x20 c:/st/stm32cubeide_1.4.0/stm32cubeide/plugins/com.st.stm32cube.ide.mcu.externaltools.gnu-tools-for-stm32.7-2018-q2-update.win32_1.4.0.202007081208/tools/bin/../lib/gcc/arm-none-eabi/7.3.1/../../../../arm-none-eabi/lib/thumb/v6-m\libc_nano.a(lib_a-memset.o)
 .debug_frame   0x0000000000001980       0x20 c:/st/stm32cubeide_1.4.0/stm32cubeide/plugins/com.st.stm32cube.ide.mcu.externaltools.gnu-tools-for-stm32.7-2018-q2-update.win32_1.4.0.202007081208/tools/bin/../lib/gcc/arm-none-eabi/7.3.1/thumb/v6-m\libgcc.a(_udivsi3.o)
