stm32f0xx_ll_rcc.h:1580:22:LL_RCC_PLL_ConfigDomain_SYS	12	static
stm32f0xx_ll_utils.c:448:20:UTILS_SetFlashLatency.part.0	8	static
stm32f0xx_ll_utils.c:514:20:UTILS_PLL_IsBusy	0	static
stm32f0xx_ll_utils.c:537:20:UTILS_EnablePLLAndSwitchSystem	32	static
stm32f0xx_ll_utils.c:145:6:LL_Init1msTick	8	static
stm32f0xx_ll_utils.c:161:6:LL_mDelay	8	static
stm32f0xx_ll_utils.c:217:6:LL_SetSystemCoreClock	0	static
stm32f0xx_ll_utils.c:240:13:LL_PLL_ConfigSystemClock_HSI	32	static
stm32f0xx_ll_utils.c:304:13:LL_PLL_ConfigSystemClock_HSI48	24	static
stm32f0xx_ll_utils.c:365:13:LL_PLL_ConfigSystemClock_HSE	32	static
